 sm_kinovaGen3_1_modelTest1_sfun

 Timestamp is 6488c23e (Tue Jun 13 21:23:42 2023)

 Preferred load address is 0000000180000000

 Start         Length     Name                   Class
 0001:00000000 0009e1e0H .text$mn                CODE
 0001:0009e1e0 00000040H .text$mn$00             CODE
 0001:0009e220 0000073eH .text$x                 CODE
 0002:00000000 00000710H .idata$5                DATA
 0002:00000710 00000038H .00cfg                  DATA
 0002:00000748 00000008H .CRT$XCA                DATA
 0002:00000750 00000008H .CRT$XCZ                DATA
 0002:00000758 00000008H .CRT$XIA                DATA
 0002:00000760 00000008H .CRT$XIZ                DATA
 0002:00000768 00000008H .CRT$XPA                DATA
 0002:00000770 00000008H .CRT$XPZ                DATA
 0002:00000778 00000008H .CRT$XTA                DATA
 0002:00000780 00000010H .CRT$XTZ                DATA
 0002:00000788 00000000H .gehcont$y              DATA
 0002:00000788 00000000H .gfids$y                DATA
 0002:00000790 000005f0H .rdata                  DATA
 0002:00000d80 00000080H .rdata$CastGuardVftablesA DATA
 0002:00000e00 00000080H .rdata$CastGuardVftablesC DATA
 0002:00000e80 0000026cH .rdata$r                DATA
 0002:000010ec 0000041cH .rdata$voltmd           DATA
 0002:00001508 000002c8H .rdata$zzzdbg           DATA
 0002:000017d0 00000008H .rtc$IAA                DATA
 0002:000017d8 00000008H .rtc$IZZ                DATA
 0002:000017e0 00000008H .rtc$TAA                DATA
 0002:000017e8 00000008H .rtc$TZZ                DATA
 0002:000017f0 00002810H .xdata                  DATA
 0002:00004000 000000f0H .xdata$x                DATA
 0002:000040f0 000002d0H .edata                  DATA
 0002:000043c0 0000017cH .idata$2                DATA
 0002:0000453c 00000014H .idata$3                DATA
 0002:00004550 00000710H .idata$4                DATA
 0002:00004c60 00001604H .idata$6                DATA
 0003:00000000 000318d8H .data                   DATA
 0003:000318d8 00000080H .data$r                 DATA
 0003:00031958 00000058H .data$rs                DATA
 0003:000319b0 00001010H .bss                    DATA
 0004:00000000 00002bbcH .pdata                  DATA

  Address         Publics by Value              Rva+Base               Lib:Object

 0000:00000000       __AbsoluteZero             0000000000000000     <absolute>
 0000:00000000       ___safe_se_handler_count   0000000000000000     <absolute>
 0000:00000000       ___safe_se_handler_table   0000000000000000     <absolute>
 0000:00000000       __arm64x_extra_rfe_table   0000000000000000     <absolute>
 0000:00000000       __arm64x_extra_rfe_table_size 0000000000000000     <absolute>
 0000:00000000       __arm64x_native_entrypoint 0000000000000000     <absolute>
 0000:00000000       __arm64x_redirection_metadata 0000000000000000     <absolute>
 0000:00000000       __arm64x_redirection_metadata_count 0000000000000000     <absolute>
 0000:00000000       __dynamic_value_reloc_table 0000000000000000     <absolute>
 0000:00000000       __enclave_config           0000000000000000     <absolute>
 0000:00000000       __guard_check_icall_a64n_fptr 0000000000000000     <absolute>
 0000:00000000       __guard_eh_cont_count      0000000000000000     <absolute>
 0000:00000000       __guard_eh_cont_table      0000000000000000     <absolute>
 0000:00000000       __guard_fids_count         0000000000000000     <absolute>
 0000:00000000       __guard_fids_table         0000000000000000     <absolute>
 0000:00000000       __guard_iat_count          0000000000000000     <absolute>
 0000:00000000       __guard_iat_table          0000000000000000     <absolute>
 0000:00000000       __guard_longjmp_count      0000000000000000     <absolute>
 0000:00000000       __guard_longjmp_table      0000000000000000     <absolute>
 0000:00000000       __hybrid_auxiliary_iat     0000000000000000     <absolute>
 0000:00000000       __hybrid_auxiliary_iat_copy 0000000000000000     <absolute>
 0000:00000000       __hybrid_code_map          0000000000000000     <absolute>
 0000:00000000       __hybrid_code_map_count    0000000000000000     <absolute>
 0000:00000000       __x64_code_ranges_to_entry_points 0000000000000000     <absolute>
 0000:00000000       __x64_code_ranges_to_entry_points_count 0000000000000000     <absolute>
 0000:00000100       __guard_flags              0000000000000100     <absolute>
 0000:00000000       __ImageBase                0000000180000000     <linker-defined>
 0001:00000000       sm_kinovaGen3_1_modelTest1_initializer 0000000180001000 f   sm_kinovaGen3_1_modelTest1_sfun.obj
 0001:00000010       sm_kinovaGen3_1_modelTest1_terminator 0000000180001010 f   sm_kinovaGen3_1_modelTest1_sfun.obj
 0001:00000020       load_sm_kinovaGen3_1_modelTest1_optimization_info 0000000180001020 f   sm_kinovaGen3_1_modelTest1_sfun.obj
 0001:000000d0       unload_sm_kinovaGen3_1_modelTest1_optimization_info 00000001800010d0 f   sm_kinovaGen3_1_modelTest1_sfun.obj
 0001:00000100       sf_sm_kinovaGen3_1_modelTest1_method_dispatcher 0000000180001100 f   sm_kinovaGen3_1_modelTest1_sfun.obj
 0001:00000150       sf_sm_kinovaGen3_1_modelTest1_process_check_sum_call 0000000180001150 f   sm_kinovaGen3_1_modelTest1_sfun.obj
 0001:00000640       sf_sm_kinovaGen3_1_modelTest1_get_eml_resolved_functions_info 0000000180001640 f   sm_kinovaGen3_1_modelTest1_sfun.obj
 0001:00000820       sf_sm_kinovaGen3_1_modelTest1_third_party_uses_info 0000000180001820 f   sm_kinovaGen3_1_modelTest1_sfun.obj
 0001:000009f0       sf_sm_kinovaGen3_1_modelTest1_jit_fallback_info 00000001800019f0 f   sm_kinovaGen3_1_modelTest1_sfun.obj
 0001:00000bc0       sf_sm_kinovaGen3_1_modelTest1_get_post_codegen_info 0000000180001bc0 f   sm_kinovaGen3_1_modelTest1_sfun.obj
 0001:00000da0       sf_sm_kinovaGen3_1_modelTest1_updateBuildInfo_args_info 0000000180001da0 f   sm_kinovaGen3_1_modelTest1_sfun.obj
 0001:00000f70       sm_kinovaGen3_1_modelTest1_register_exported_symbols 0000000180001f70 f   sm_kinovaGen3_1_modelTest1_sfun.obj
 0001:00000f80       sf_c2_sm_kinovaGen3_1_modelTest1_get_eml_resolved_functions_info 0000000180001f80 f   c2_sm_kinovaGen3_1_modelTest1.obj
 0001:00001020       sf_c2_sm_kinovaGen3_1_modelTest1_get_check_sum 0000000180002020 f   c2_sm_kinovaGen3_1_modelTest1.obj
 0001:000010f0       c2_sm_kinovaGen3_1_modelTest1_method_dispatcher 00000001800020f0 f   c2_sm_kinovaGen3_1_modelTest1.obj
 0001:0007b720       sf_c2_sm_kinovaGen3_1_modelTest1_third_party_uses_info 000000018007c720 f   c2_sm_kinovaGen3_1_modelTest1.obj
 0001:0007b7c0       sf_c2_sm_kinovaGen3_1_modelTest1_jit_fallback_info 000000018007c7c0 f   c2_sm_kinovaGen3_1_modelTest1.obj
 0001:0007b950       sf_c2_sm_kinovaGen3_1_modelTest1_updateBuildInfo_args_info 000000018007c950 f   c2_sm_kinovaGen3_1_modelTest1.obj
 0001:0007bd10       sf_c2_sm_kinovaGen3_1_modelTest1_get_post_codegen_info 000000018007cd10 f   c2_sm_kinovaGen3_1_modelTest1.obj
 0001:0007c330       mexFunction                000000018007d330 f   sm_kinovaGen3_1_modelTest1_sfun_registry.obj
 0001:0007ec00       _ssSetInputPortDirectFeedThroughFcn 000000018007fc00 f   sm_kinovaGen3_1_modelTest1_sfun_registry.obj
 0001:0007ed70       _ssSetRWorkValueFcn        000000018007fd70 f   sm_kinovaGen3_1_modelTest1_sfun_registry.obj
 0001:0007edf0       _ssGetRWorkValueFcn        000000018007fdf0 f   sm_kinovaGen3_1_modelTest1_sfun_registry.obj
 0001:0007ee60       _ssSetIWorkValueFcn        000000018007fe60 f   sm_kinovaGen3_1_modelTest1_sfun_registry.obj
 0001:0007eee0       _ssGetIWorkValueFcn        000000018007fee0 f   sm_kinovaGen3_1_modelTest1_sfun_registry.obj
 0001:0007ef50       _ssSetPWorkValueFcn        000000018007ff50 f   sm_kinovaGen3_1_modelTest1_sfun_registry.obj
 0001:0007efd0       _ssGetPWorkValueFcn        000000018007ffd0 f   sm_kinovaGen3_1_modelTest1_sfun_registry.obj
 0001:0007f040       _ssGetInputPortSignalFcn   0000000180080040 f   sm_kinovaGen3_1_modelTest1_sfun_registry.obj
 0001:0007f3d0       _ssGetInputPortBufferDstPortFcn 00000001800803d0 f   sm_kinovaGen3_1_modelTest1_sfun_registry.obj
 0001:0007f450       _ssGetInputPortSignalPtrsFcn 0000000180080450 f   sm_kinovaGen3_1_modelTest1_sfun_registry.obj
 0001:0007f7e0       ssGetParameterTuningCompliance 00000001800807e0 f   sm_kinovaGen3_1_modelTest1_sfun_registry.obj
 0001:0007f850       _ssReadInputStringFcn      0000000180080850 f   sm_kinovaGen3_1_modelTest1_sfun_registry.obj
 0001:0007f8c0       ssGetDTypeIdFromMxArray    00000001800808c0 f   sm_kinovaGen3_1_modelTest1_sfun_registry.obj
 0001:0007f9e0       ssWriteRTWMx2dMatParam     00000001800809e0 f   sm_kinovaGen3_1_modelTest1_sfun_registry.obj
 0001:0007fa70       ssWriteRTWMxVectParam      0000000180080a70 f   sm_kinovaGen3_1_modelTest1_sfun_registry.obj
 0001:0007faf0       ssWriteRTWParameters       0000000180080af0 f   sm_kinovaGen3_1_modelTest1_sfun_registry.obj
 0001:000800b0       ssWriteRTWParamSettings    00000001800810b0 f   sm_kinovaGen3_1_modelTest1_sfun_registry.obj
 0001:000807a0       ssWriteRTWStr              00000001800817a0 f   sm_kinovaGen3_1_modelTest1_sfun_registry.obj
 0001:00080800       ssWriteRTWWorkVect         0000000180081800 f   sm_kinovaGen3_1_modelTest1_sfun_registry.obj
 0001:00080d60       ssWarning                  0000000180081d60 f   sm_kinovaGen3_1_modelTest1_sfun_registry.obj
 0001:00080e50       ssGetRootSS                0000000180081e50 f   sm_kinovaGen3_1_modelTest1_sfun_registry.obj
 0001:00080f10       ssGetParentSS              0000000180081f10 f   sm_kinovaGen3_1_modelTest1_sfun_registry.obj
 0001:00080fd0       ssWriteRTWNameValuePair    0000000180081fd0 f   sm_kinovaGen3_1_modelTest1_sfun_registry.obj
 0001:000814d0       _ssSetInputPortMatrixDimensions 00000001800824d0 f   sm_kinovaGen3_1_modelTest1_sfun_registry.obj
 0001:00081620       _ssSetOutputPortMatrixDimensions 0000000180082620 f   sm_kinovaGen3_1_modelTest1_sfun_registry.obj
 0001:00081770       _ssSetInputPortVectorDimension 0000000180082770 f   sm_kinovaGen3_1_modelTest1_sfun_registry.obj
 0001:00081820       _ssSetOutputPortVectorDimension 0000000180082820 f   sm_kinovaGen3_1_modelTest1_sfun_registry.obj
 0001:000818d0       ssIsRunTimeParamTunable    00000001800828d0 f   sm_kinovaGen3_1_modelTest1_sfun_registry.obj
 0001:00081940       ssGetSFuncBlockHandle      0000000180082940 f   sm_kinovaGen3_1_modelTest1_sfun_registry.obj
 0001:000819b0       _ssGetCallSystemNumFcnCallDestinations 00000001800829b0 f   sm_kinovaGen3_1_modelTest1_sfun_registry.obj
 0001:00081a20       _ssGetCurrentInputPortWidth 0000000180082a20 f   sm_kinovaGen3_1_modelTest1_sfun_registry.obj
 0001:00081b60       _ssGetCurrentOutputPortWidth 0000000180082b60 f   sm_kinovaGen3_1_modelTest1_sfun_registry.obj
 0001:00081ca0       ssGetIsZeroCrossControlDisabled 0000000180082ca0 f   sm_kinovaGen3_1_modelTest1_sfun_registry.obj
 0001:00081d10       ssSetIsInputPortUsedForContZcSignal 0000000180082d10 f   sm_kinovaGen3_1_modelTest1_sfun_registry.obj
 0001:00081d80       ssSetZcSignalIsZcElementDisc 0000000180082d80 f   sm_kinovaGen3_1_modelTest1_sfun_registry.obj
 0001:00081e30       ssSetZcSignalName          0000000180082e30 f   sm_kinovaGen3_1_modelTest1_sfun_registry.obj
 0001:00081ea0       ssSetZcSignalWidth         0000000180082ea0 f   sm_kinovaGen3_1_modelTest1_sfun_registry.obj
 0001:00081f10       ssSetZcSignalZcEventType   0000000180082f10 f   sm_kinovaGen3_1_modelTest1_sfun_registry.obj
 0001:00081f80       ssSetZcSignalType          0000000180082f80 f   sm_kinovaGen3_1_modelTest1_sfun_registry.obj
 0001:00081ff0       ssSetZcSignalZcTol         0000000180082ff0 f   sm_kinovaGen3_1_modelTest1_sfun_registry.obj
 0001:00082060       ssSetZcSignalNeedsEventNotification 0000000180083060 f   sm_kinovaGen3_1_modelTest1_sfun_registry.obj
 0001:000820d0       ssCreateAndAddZcSignalInfo 00000001800830d0 f   sm_kinovaGen3_1_modelTest1_sfun_registry.obj
 0001:00082140       ssCloneAndAddZcSignalInfo  0000000180083140 f   sm_kinovaGen3_1_modelTest1_sfun_registry.obj
 0001:000821b0       ssGetNumZcSignals          00000001800831b0 f   sm_kinovaGen3_1_modelTest1_sfun_registry.obj
 0001:00082220       ssGetZcSignalVector        0000000180083220 f   sm_kinovaGen3_1_modelTest1_sfun_registry.obj
 0001:00082290       ssGetZcSignalName          0000000180083290 f   sm_kinovaGen3_1_modelTest1_sfun_registry.obj
 0001:00082300       ssGetZcSignalWidth         0000000180083300 f   sm_kinovaGen3_1_modelTest1_sfun_registry.obj
 0001:00082370       ssGetZcSignalZcEventType   0000000180083370 f   sm_kinovaGen3_1_modelTest1_sfun_registry.obj
 0001:000823e0       ssGetZcSignalZcEvents      00000001800833e0 f   sm_kinovaGen3_1_modelTest1_sfun_registry.obj
 0001:00082450       ssGetZcSignalType          0000000180083450 f   sm_kinovaGen3_1_modelTest1_sfun_registry.obj
 0001:000824c0       ssGetZcSignalZcTol         00000001800834c0 f   sm_kinovaGen3_1_modelTest1_sfun_registry.obj
 0001:00082540       ssGetZcSignalNeedsEventNotification 0000000180083540 f   sm_kinovaGen3_1_modelTest1_sfun_registry.obj
 0001:000825b0       ssGetZcSignalIsZcElementDisc 00000001800835b0 f   sm_kinovaGen3_1_modelTest1_sfun_registry.obj
 0001:00082650       ssGetIsInputPortElementContinuous 0000000180083650 f   sm_kinovaGen3_1_modelTest1_sfun_registry.obj
 0001:000826f0       _ssGetAbsTol               00000001800836f0 f   sm_kinovaGen3_1_modelTest1_sfun_registry.obj
 0001:00082760       _ssSetStateAbsTol          0000000180083760 f   sm_kinovaGen3_1_modelTest1_sfun_registry.obj
 0001:00082840       _ssSetInputPortReusableFcn 0000000180083840 f   sm_kinovaGen3_1_modelTest1_sfun_registry.obj
 0001:00082940       _ssSetOutputPortReusableFcn 0000000180083940 f   sm_kinovaGen3_1_modelTest1_sfun_registry.obj
 0001:00082a40       _ssSetSymbolicDimsSupport  0000000180083a40 f   sm_kinovaGen3_1_modelTest1_sfun_registry.obj
 0001:00082ab0       _ssRegisterSymbolicDimsExpr 0000000180083ab0 f   sm_kinovaGen3_1_modelTest1_sfun_registry.obj
 0001:00082b30       _ssRegisterSymbolicDimsMATLABExpr 0000000180083b30 f   sm_kinovaGen3_1_modelTest1_sfun_registry.obj
 0001:00082bc0       _ssRegisterSymbolicDims    0000000180083bc0 f   sm_kinovaGen3_1_modelTest1_sfun_registry.obj
 0001:00082c60       _ssRegisterSymbolicDimsString 0000000180083c60 f   sm_kinovaGen3_1_modelTest1_sfun_registry.obj
 0001:00082ce0       _ssRegisterSymbolicDimsIntValue 0000000180083ce0 f   sm_kinovaGen3_1_modelTest1_sfun_registry.obj
 0001:00082d50       _ssRegisterSymbolicEqualRelation 0000000180083d50 f   sm_kinovaGen3_1_modelTest1_sfun_registry.obj
 0001:00082dc0       _ssRegisterSymbolicEqualValue 0000000180083dc0 f   sm_kinovaGen3_1_modelTest1_sfun_registry.obj
 0001:00082e30       _ssAmendLeadingSymbolicDims 0000000180083e30 f   sm_kinovaGen3_1_modelTest1_sfun_registry.obj
 0001:00082eb0       _ssAmendTrailingSymbolicDims 0000000180083eb0 f   sm_kinovaGen3_1_modelTest1_sfun_registry.obj
 0001:00082f30       _ssRegisterSymbolicDimsPlus 0000000180083f30 f   sm_kinovaGen3_1_modelTest1_sfun_registry.obj
 0001:00082fb0       _ssRegisterSymbolicDimsMinus 0000000180083fb0 f   sm_kinovaGen3_1_modelTest1_sfun_registry.obj
 0001:00083030       _ssRegisterSymbolicDimsMultiply 0000000180084030 f   sm_kinovaGen3_1_modelTest1_sfun_registry.obj
 0001:000830b0       _ssRegisterSymbolicDimsDivide 00000001800840b0 f   sm_kinovaGen3_1_modelTest1_sfun_registry.obj
 0001:00083130       _ssGetNumSymbolicDims      0000000180084130 f   sm_kinovaGen3_1_modelTest1_sfun_registry.obj
 0001:000831a0       _ssGetSymbolicDim          00000001800841a0 f   sm_kinovaGen3_1_modelTest1_sfun_registry.obj
 0001:00083220       _ssSetInputPortSymbolicDimsId 0000000180084220 f   sm_kinovaGen3_1_modelTest1_sfun_registry.obj
 0001:00083290       _ssGetCompInputPortSymbolicDimsId 0000000180084290 f   sm_kinovaGen3_1_modelTest1_sfun_registry.obj
 0001:00083300       _ssSetCompInputPortSymbolicDimsId 0000000180084300 f   sm_kinovaGen3_1_modelTest1_sfun_registry.obj
 0001:00083370       _ssSetOutputPortSymbolicDimsId 0000000180084370 f   sm_kinovaGen3_1_modelTest1_sfun_registry.obj
 0001:000833e0       _ssGetCompOutputPortSymbolicDimsId 00000001800843e0 f   sm_kinovaGen3_1_modelTest1_sfun_registry.obj
 0001:00083450       _ssSetCompOutputPortSymbolicDimsId 0000000180084450 f   sm_kinovaGen3_1_modelTest1_sfun_registry.obj
 0001:000834c0       _ssGetDWorkSymbolicDimsId  00000001800844c0 f   sm_kinovaGen3_1_modelTest1_sfun_registry.obj
 0001:00083530       _ssSetDWorkSymbolicDimsId  0000000180084530 f   sm_kinovaGen3_1_modelTest1_sfun_registry.obj
 0001:000835a0       _ssGetCompDWorkSymbolicDimsId 00000001800845a0 f   sm_kinovaGen3_1_modelTest1_sfun_registry.obj
 0001:00083610       _ssSetCompDWorkSymbolicDimsId 0000000180084610 f   sm_kinovaGen3_1_modelTest1_sfun_registry.obj
 0001:00083680       _ssCreateSLCGStringBuffer  0000000180084680 f   sm_kinovaGen3_1_modelTest1_sfun_registry.obj
 0001:000836f0       _ssAddToSLCGStringBuffer   00000001800846f0 f   sm_kinovaGen3_1_modelTest1_sfun_registry.obj
 0001:00083760       _ssGetPointerContainedData 0000000180084760 f   sm_kinovaGen3_1_modelTest1_sfun_registry.obj
 0001:000837f0       _ssGetPointerContainedDataWidth 00000001800847f0 f   sm_kinovaGen3_1_modelTest1_sfun_registry.obj
 0001:00083880       _ssRegisterDynamicArrayDataTypeFcn 0000000180084880 f   sm_kinovaGen3_1_modelTest1_sfun_registry.obj
 0001:00083920       _ssGetDynamicArrayContainedDataCurrentWidthFcn 0000000180084920 f   sm_kinovaGen3_1_modelTest1_sfun_registry.obj
 0001:000839f0       _ssGetDynamicArrayContainedDataFcn 00000001800849f0 f   sm_kinovaGen3_1_modelTest1_sfun_registry.obj
 0001:00083ac0       _ssGetInputPortDynamicArrayDataFcn 0000000180084ac0 f   sm_kinovaGen3_1_modelTest1_sfun_registry.obj
 0001:00083b80       _ssGetOutputPortDynamicArrayDataFcn 0000000180084b80 f   sm_kinovaGen3_1_modelTest1_sfun_registry.obj
 0001:00083c40       _ssGetInputPortDynamicArrayContainedDataFcn 0000000180084c40 f   sm_kinovaGen3_1_modelTest1_sfun_registry.obj
 0001:00083d00       _ssGetOutputPortDynamicArrayContainedDataFcn 0000000180084d00 f   sm_kinovaGen3_1_modelTest1_sfun_registry.obj
 0001:00083dc0       _ssGetDynamicArrayDWorkContainedDataFcn 0000000180084dc0 f   sm_kinovaGen3_1_modelTest1_sfun_registry.obj
 0001:00083e80       sf_process_check_sum_call  0000000180084e80 f   sm_kinovaGen3_1_modelTest1_sfun_registry.obj
 0001:00083ed0       sf_process_get_third_party_uses_info_call 0000000180084ed0 f   sm_kinovaGen3_1_modelTest1_sfun_registry.obj
 0001:00084100       sf_process_get_jit_fallback_info_call 0000000180085100 f   sm_kinovaGen3_1_modelTest1_sfun_registry.obj
 0001:00084330       sf_process_get_post_codegen_info_call 0000000180085330 f   sm_kinovaGen3_1_modelTest1_sfun_registry.obj
 0001:00084560       sf_process_get_updateBuildInfo_args_info_call 0000000180085560 f   sm_kinovaGen3_1_modelTest1_sfun_registry.obj
 0001:00084790       sf_process_get_eml_resolved_functions_info_call 0000000180085790 f   sm_kinovaGen3_1_modelTest1_sfun_registry.obj
 0001:000849c0       sf_mex_unlock_call         00000001800859c0 f   sm_kinovaGen3_1_modelTest1_sfun_registry.obj
 0001:00084be0       sf_machine_global_initializer_called 0000000180085be0 f   sm_kinovaGen3_1_modelTest1_sfun_registry.obj
 0001:00084c10       sf_machine_global_method_dispatcher 0000000180085c10 f   sm_kinovaGen3_1_modelTest1_sfun_registry.obj
 0001:00084c70       sf_machine_global_terminator 0000000180085c70 f   sm_kinovaGen3_1_modelTest1_sfun_registry.obj
 0001:00084ca0       sf_register_machine_exported_symbols 0000000180085ca0 f   sm_kinovaGen3_1_modelTest1_sfun_registry.obj
 0001:00084cc0       callCustomFcn              0000000180085cc0 f   sm_kinovaGen3_1_modelTest1_sfun_registry.obj
 0001:00084cd0       sf_machine_global_initializer 0000000180085cd0 f   sm_kinovaGen3_1_modelTest1_sfun_registry.obj
 0001:00084d40       mdlGetSimState             0000000180085d40 f   sm_kinovaGen3_1_modelTest1_sfun_registry.obj
 0001:00084d80       mdlSetSimState             0000000180085d80 f   sm_kinovaGen3_1_modelTest1_sfun_registry.obj
 0001:000856f0       ProcessMexSfunctionEveryCall 00000001800866f0 f   sm_kinovaGen3_1_modelTest1_sfun_registry.obj
 0001:00086870       __local_stdio_printf_options 0000000180087870 f i sm_kinovaGen3_1_modelTest1_sfun_registry.obj
 0001:00086880       _vsnprintf_l               0000000180087880 f i sm_kinovaGen3_1_modelTest1_sfun_registry.obj
 0001:00086900       _vsprintf_l                0000000180087900 f i sm_kinovaGen3_1_modelTest1_sfun_registry.obj
 0001:00086950       sprintf                    0000000180087950 f i sm_kinovaGen3_1_modelTest1_sfun_registry.obj
 0001:000869a0       mexfilerequiredapiversion  00000001800879a0 f   c_mexapi_version.obj
 0001:00087370       ccdFirstDirDefault         0000000180088370 f   ccd_ccd.obj
 0001:000873b0       __ccdSupport               00000001800883b0 f   ccd_ccd.obj
 0001:00087490       ccdGJKIntersect            0000000180088490 f   ccd_ccd.obj
 0001:00087520       __ccdGJK                   0000000180088520 f   ccd_ccd.obj
 0001:000876e0       ccdGJKSeparate             00000001800886e0 f   ccd_ccd.obj
 0001:00087780       ccdGJKPenetration          0000000180088780 f   ccd_ccd.obj
 0001:0008bc90       ccdMPRIntersect            000000018008cc90 f   ccd_mpr.obj
 0001:0008bd60       ccdMPRPenetration          000000018008cd60 f   ccd_mpr.obj
 0001:0008d860       ccdPtInit                  000000018008e860 f   ccd_polytope.obj
 0001:0008d8d0       ccdPtDestroy               000000018008e8d0 f   ccd_polytope.obj
 0001:0008da20       ccdPtAddVertex             000000018008ea20 f   ccd_polytope.obj
 0001:0008daf0       ccdPtAddEdge               000000018008eaf0 f   ccd_polytope.obj
 0001:0008dcb0       ccdPtAddFace               000000018008ecb0 f   ccd_polytope.obj
 0001:0008e190       ccdPtRecomputeDistances    000000018008f190 f   ccd_polytope.obj
 0001:0008e480       ccdPtNearest               000000018008f480 f   ccd_polytope.obj
 0001:0008e4c0       ccdPtDumpSVT               000000018008f4c0 f   ccd_polytope.obj
 0001:0008e520       ccdPtDumpSVT2              000000018008f520 f   ccd_polytope.obj
 0001:0008ea10       _vfprintf_l                000000018008fa10 f i ccd_polytope.obj
 0001:0008ea60       fprintf                    000000018008fa60 f i ccd_polytope.obj
 0001:0008efa0       ccdVec3PointSegmentDist2   000000018008ffa0 f   ccd_vec3.obj
 0001:0008efe0       ccdVec3PointTriDist2       000000018008ffe0 f   ccd_vec3.obj
 0001:0008ff10       ??RCollisionGeometryDeleter@shared_robotics@@QEAAXPEAVCollisionGeometry@1@@Z 0000000180090f10 f   collisioncodegen_CollisionGeometry.obj
 0001:0008ff60       ??1CollisionGeometry@shared_robotics@@UEAA@XZ 0000000180090f60 f   collisioncodegen_CollisionGeometry.obj
 0001:0008ffc0       ?support@CollisionGeometry@shared_robotics@@QEBAXPEBU_ccd_vec3_t@@PEAU3@@Z 0000000180090fc0 f   collisioncodegen_CollisionGeometry.obj
 0001:00090b10       ?constructConnectionList@CollisionGeometry@shared_robotics@@IEAAXXZ 0000000180091b10 f   collisioncodegen_CollisionGeometry.obj
 0001:00091090       ??$?0$$V@?$_Compressed_pair@V?$allocator@N@std@@V?$_Vector_val@U?$_Simple_types@N@std@@@2@$00@std@@QEAA@U_Zero_then_variadic_args_t@1@@Z 0000000180092090 f i collisioncodegen_CollisionGeometry.obj
 0001:000910c0       ??$?0$$V@?$_Compressed_pair@V?$allocator@_K@std@@V?$_Vector_val@U?$_Simple_types@_K@std@@@2@$00@std@@QEAA@U_Zero_then_variadic_args_t@1@@Z 00000001800920c0 f i collisioncodegen_CollisionGeometry.obj
 0001:000910f0       ??$?0AEAPEA_KAEAPEA_K$0A@@?$pair@PEA_KPEA_K@std@@QEAA@AEAPEA_K0@Z 00000001800920f0 f i collisioncodegen_CollisionGeometry.obj
 0001:00091140       ??$?0V?$allocator@_K@std@@PEA_KPEA_KPEA_K@?$_Compressed_pair@V?$allocator@_K@std@@V?$_Vector_val@U?$_Simple_types@_K@std@@@2@$00@std@@QEAA@U_One_then_variadic_args_t@1@$$QEAV?$allocator@_K@1@$$QEAPEA_K22@Z 0000000180092140 f i collisioncodegen_CollisionGeometry.obj
 0001:000911b0       ??$?6U?$char_traits@D@std@@@std@@YAAEAV?$basic_ostream@DU?$char_traits@D@std@@@0@AEAV10@PEBD@Z 00000001800921b0 f i collisioncodegen_CollisionGeometry.obj
 0001:00091560       ??$?RAEANAEAN@?$less@X@std@@QEBA_NAEAN0@Z 0000000180092560 f i collisioncodegen_CollisionGeometry.obj
 0001:000915a0       ??$?RAEA_KAEA_K@?$equal_to@X@std@@QEBA_NAEA_K0@Z 00000001800925a0 f i collisioncodegen_CollisionGeometry.obj
 0001:000915e0       ??$?RAEA_KAEA_K@?$less@X@std@@QEBA_NAEA_K0@Z 00000001800925e0 f i collisioncodegen_CollisionGeometry.obj
 0001:00091620       ??$_Adl_verify_range@V?$_Vector_iterator@V?$_Vector_val@U?$_Simple_types@N@std@@@std@@@std@@V12@@std@@YAXAEBV?$_Vector_iterator@V?$_Vector_val@U?$_Simple_types@N@std@@@std@@@0@0@Z 0000000180092620 f i collisioncodegen_CollisionGeometry.obj
 0001:00091630       ??$_Adl_verify_range@V?$_Vector_iterator@V?$_Vector_val@U?$_Simple_types@_K@std@@@std@@@std@@V12@@std@@YAXAEBV?$_Vector_iterator@V?$_Vector_val@U?$_Simple_types@_K@std@@@std@@@0@0@Z 0000000180092630 f i collisioncodegen_CollisionGeometry.obj
 0001:00091640       ??$_Allocate@$0BA@U_Default_allocate_traits@std@@$0A@@std@@YAPEAX_K@Z 0000000180092640 f i collisioncodegen_CollisionGeometry.obj
 0001:00091680       ??$_Allocate_manually_vector_aligned@U_Default_allocate_traits@std@@@std@@YAPEAX_K@Z 0000000180092680 f i collisioncodegen_CollisionGeometry.obj
 0001:00091710       ??$_Construct_in_place@NN@std@@YAXAEAN$$QEAN@Z 0000000180092710 f i collisioncodegen_CollisionGeometry.obj
 0001:00091760       ??$_Construct_in_place@_KAEB_K@std@@YAXAEA_KAEB_K@Z 0000000180092760 f i collisioncodegen_CollisionGeometry.obj
 0001:000917b0       ??$_Copy_backward_memmove@PEA_KPEA_K@std@@YAPEA_KPEA_K00@Z 00000001800927b0 f i collisioncodegen_CollisionGeometry.obj
 0001:00091860       ??$_Copy_memmove@PEANPEAN@std@@YAPEANPEAN00@Z 0000000180092860 f i collisioncodegen_CollisionGeometry.obj
 0001:00091900       ??$_Copy_memmove@PEA_KPEA_K@std@@YAPEA_KPEA_K00@Z 0000000180092900 f i collisioncodegen_CollisionGeometry.obj
 0001:000919a0       ??$_Deallocate@$0BA@$0A@@std@@YAXPEAX_K@Z 00000001800929a0 f i collisioncodegen_CollisionGeometry.obj
 0001:000919e0       ??$_Destroy_range@V?$allocator@N@std@@@std@@YAXPEANQEANAEAV?$allocator@N@0@@Z 00000001800929e0 f i collisioncodegen_CollisionGeometry.obj
 0001:000919f0       ??$_Destroy_range@V?$allocator@U_ccd_vec3_t@@@std@@@std@@YAXPEAU_ccd_vec3_t@@QEAU1@AEAV?$allocator@U_ccd_vec3_t@@@0@@Z 00000001800929f0 f i collisioncodegen_CollisionGeometry.obj
 0001:00091a00       ??$_Destroy_range@V?$allocator@U_idx_vec3_t@shared_robotics@@@std@@@std@@YAXPEAU_idx_vec3_t@shared_robotics@@QEAU12@AEAV?$allocator@U_idx_vec3_t@shared_robotics@@@0@@Z 0000000180092a00 f i collisioncodegen_CollisionGeometry.obj
 0001:00091a10       ??$_Destroy_range@V?$allocator@V?$vector@_KV?$allocator@_K@std@@@std@@@std@@@std@@YAXPEAV?$vector@_KV?$allocator@_K@std@@@0@QEAV10@AEAV?$allocator@V?$vector@_KV?$allocator@_K@std@@@std@@@0@@Z 0000000180092a10 f i collisioncodegen_CollisionGeometry.obj
 0001:00091a60       ??$_Destroy_range@V?$allocator@_K@std@@@std@@YAXPEA_KQEA_KAEAV?$allocator@_K@0@@Z 0000000180092a60 f i collisioncodegen_CollisionGeometry.obj
 0001:00091a70       ??$_Emplace_back@$$V@?$_Uninitialized_backout_al@V?$allocator@V?$vector@_KV?$allocator@_K@std@@@std@@@std@@@std@@QEAAXXZ 0000000180092a70 f i collisioncodegen_CollisionGeometry.obj
 0001:00091ac0       ??$_Emplace_back@$$V@?$_Uninitialized_backout_al@V?$allocator@_K@std@@@std@@QEAAXXZ 0000000180092ac0 f i collisioncodegen_CollisionGeometry.obj
 0001:00091b10       ??$_Emplace_back@N@?$_Uninitialized_backout_al@V?$allocator@N@std@@@std@@QEAAX$$QEAN@Z 0000000180092b10 f i collisioncodegen_CollisionGeometry.obj
 0001:00091b70       ??$_Emplace_back@V?$vector@_KV?$allocator@_K@std@@@std@@@?$_Uninitialized_backout_al@V?$allocator@V?$vector@_KV?$allocator@_K@std@@@std@@@std@@@std@@QEAAX$$QEAV?$vector@_KV?$allocator@_K@std@@@1@@Z 0000000180092b70 f i collisioncodegen_CollisionGeometry.obj
 0001:00091bd0       ??$_Emplace_back@_K@?$_Uninitialized_backout_al@V?$allocator@_K@std@@@std@@QEAAX$$QEA_K@Z 0000000180092bd0 f i collisioncodegen_CollisionGeometry.obj
 0001:00091c30       ??$_Emplace_back_with_unused_capacity@AEB_K@?$vector@_KV?$allocator@_K@std@@@std@@AEAAAEA_KAEB_K@Z 0000000180092c30 f i collisioncodegen_CollisionGeometry.obj
 0001:00091cc0       ??$_Emplace_back_with_unused_capacity@N@?$vector@NV?$allocator@N@std@@@std@@AEAAAEAN$$QEAN@Z 0000000180092cc0 f i collisioncodegen_CollisionGeometry.obj
 0001:00091d50       ??$_Emplace_one_at_back@AEB_K@?$vector@_KV?$allocator@_K@std@@@std@@AEAAAEA_KAEB_K@Z 0000000180092d50 f i collisioncodegen_CollisionGeometry.obj
 0001:00091dd0       ??$_Emplace_one_at_back@N@?$vector@NV?$allocator@N@std@@@std@@AEAAAEAN$$QEAN@Z 0000000180092dd0 f i collisioncodegen_CollisionGeometry.obj
 0001:00091e50       ??$_Emplace_reallocate@AEB_K@?$vector@_KV?$allocator@_K@std@@@std@@AEAAPEA_KQEA_KAEB_K@Z 0000000180092e50 f i collisioncodegen_CollisionGeometry.obj
 0001:00092060       ??$_Emplace_reallocate@N@?$vector@NV?$allocator@N@std@@@std@@AEAAPEANQEAN$$QEAN@Z 0000000180093060 f i collisioncodegen_CollisionGeometry.obj
 0001:00092270       ??$_Get_size_of_n@$07@std@@YA_K_K@Z 0000000180093270 f i collisioncodegen_CollisionGeometry.obj
 0001:000922c0       ??$_Get_size_of_n@$0BI@@std@@YA_K_K@Z 00000001800932c0 f i collisioncodegen_CollisionGeometry.obj
 0001:00092300       ??$_Get_unwrapped@AEAV?$_Vector_iterator@V?$_Vector_val@U?$_Simple_types@N@std@@@std@@@std@@@std@@YA?A_TAEAV?$_Vector_iterator@V?$_Vector_val@U?$_Simple_types@N@std@@@std@@@0@@Z 0000000180093300 f i collisioncodegen_CollisionGeometry.obj
 0001:00092320       ??$_Get_unwrapped@AEAV?$_Vector_iterator@V?$_Vector_val@U?$_Simple_types@_K@std@@@std@@@std@@@std@@YA?A_TAEAV?$_Vector_iterator@V?$_Vector_val@U?$_Simple_types@_K@std@@@std@@@0@@Z 0000000180093320 f i collisioncodegen_CollisionGeometry.obj
 0001:00092340       ??$_Get_unwrapped@AEBQEAN@std@@YA?A_TAEBQEAN@Z 0000000180093340 f i collisioncodegen_CollisionGeometry.obj
 0001:00092350       ??$_Get_unwrapped@AEBQEAV?$vector@_KV?$allocator@_K@std@@@std@@@std@@YA?A_TAEBQEAV?$vector@_KV?$allocator@_K@std@@@0@@Z 0000000180093350 f i collisioncodegen_CollisionGeometry.obj
 0001:00092360       ??$_Get_unwrapped@AEBQEA_K@std@@YA?A_TAEBQEA_K@Z 0000000180093360 f i collisioncodegen_CollisionGeometry.obj
 0001:00092370       ??$_Get_unwrapped@AEBV?$_Vector_iterator@V?$_Vector_val@U?$_Simple_types@_K@std@@@std@@@std@@@std@@YA?A_TAEBV?$_Vector_iterator@V?$_Vector_val@U?$_Simple_types@_K@std@@@std@@@0@@Z 0000000180093370 f i collisioncodegen_CollisionGeometry.obj
 0001:00092390       ??$_Guess_median_unchecked@PEA_KU?$less@X@std@@@std@@YAXPEA_K00U?$less@X@0@@Z 0000000180093390 f i collisioncodegen_CollisionGeometry.obj
 0001:000924f0       ??$_Insertion_sort_unchecked@PEA_KU?$less@X@std@@@std@@YAPEA_KQEA_K0U?$less@X@0@@Z 00000001800934f0 f i collisioncodegen_CollisionGeometry.obj
 0001:00092630       ??$_Make_heap_unchecked@PEA_KU?$less@X@std@@@std@@YAXPEA_K0U?$less@X@0@@Z 0000000180093630 f i collisioncodegen_CollisionGeometry.obj
 0001:000926d0       ??$_Max_element_unchecked@PEANU?$less@X@std@@@std@@YAPEANPEAN0U?$less@X@0@@Z 00000001800936d0 f i collisioncodegen_CollisionGeometry.obj
 0001:00092750       ??$_Med3_unchecked@PEA_KU?$less@X@std@@@std@@YAXPEA_K00U?$less@X@0@@Z 0000000180093750 f i collisioncodegen_CollisionGeometry.obj
 0001:000927f0       ??$_Move_backward_unchecked@PEA_KPEA_K@std@@YAPEA_KPEA_K00@Z 00000001800937f0 f i collisioncodegen_CollisionGeometry.obj
 0001:00092870       ??$_Move_unchecked@PEA_KPEA_K@std@@YAPEA_KPEA_K00@Z 0000000180093870 f i collisioncodegen_CollisionGeometry.obj
 0001:000928f0       ??$_Next_iter@PEA_K@std@@YAPEA_KPEA_K@Z 00000001800938f0 f i collisioncodegen_CollisionGeometry.obj
 0001:00092910       ??$_Partition_by_median_guess_unchecked@PEA_KU?$less@X@std@@@std@@YA?AU?$pair@PEA_KPEA_K@0@PEA_K0U?$less@X@0@@Z 0000000180093910 f i collisioncodegen_CollisionGeometry.obj
 0001:00092cd0       ??$_Pass_fn@U?$less@X@std@@$0A@@std@@YA?AU?$less@X@0@U10@@Z 0000000180093cd0 f i collisioncodegen_CollisionGeometry.obj
 0001:00092ce0       ??$_Pop_heap_hole_by_index@PEA_K_KU?$less@X@std@@@std@@YAXPEA_K_J1$$QEA_KU?$less@X@0@@Z 0000000180093ce0 f i collisioncodegen_CollisionGeometry.obj
 0001:00092e40       ??$_Pop_heap_hole_unchecked@PEA_K_KU?$less@X@std@@@std@@YAXPEA_K00$$QEA_KU?$less@X@0@@Z 0000000180093e40 f i collisioncodegen_CollisionGeometry.obj
 0001:00092eb0       ??$_Pop_heap_unchecked@PEA_KU?$less@X@std@@@std@@YAXPEA_K0U?$less@X@0@@Z 0000000180093eb0 f i collisioncodegen_CollisionGeometry.obj
 0001:00092f30       ??$_Prev_iter@PEA_K@std@@YAPEA_KPEA_K@Z 0000000180093f30 f i collisioncodegen_CollisionGeometry.obj
 0001:00092f50       ??$_Push_heap_by_index@PEA_K_KU?$less@X@std@@@std@@YAXPEA_K_J1$$QEA_KU?$less@X@0@@Z 0000000180093f50 f i collisioncodegen_CollisionGeometry.obj
 0001:00093010       ??$_Refancy@PEAN$0A@@std@@YAPEANPEAN@Z 0000000180094010 f i collisioncodegen_CollisionGeometry.obj
 0001:00093020       ??$_Refancy@PEA_K$0A@@std@@YAPEA_KPEA_K@Z 0000000180094020 f i collisioncodegen_CollisionGeometry.obj
 0001:00093030       ??$_Resize@U_Value_init_tag@std@@@?$vector@V?$vector@_KV?$allocator@_K@std@@@std@@V?$allocator@V?$vector@_KV?$allocator@_K@std@@@std@@@2@@std@@AEAAX_KAEBU_Value_init_tag@1@@Z 0000000180094030 f i collisioncodegen_CollisionGeometry.obj
 0001:000931a0       ??$_Resize@U_Value_init_tag@std@@@?$vector@_KV?$allocator@_K@std@@@std@@AEAAX_KAEBU_Value_init_tag@1@@Z 00000001800941a0 f i collisioncodegen_CollisionGeometry.obj
 0001:00093310       ??$_Resize_reallocate@U_Value_init_tag@std@@@?$vector@V?$vector@_KV?$allocator@_K@std@@@std@@V?$allocator@V?$vector@_KV?$allocator@_K@std@@@std@@@2@@std@@AEAAX_KAEBU_Value_init_tag@1@@Z 0000000180094310 f i collisioncodegen_CollisionGeometry.obj
 0001:00093460       ??$_Resize_reallocate@U_Value_init_tag@std@@@?$vector@_KV?$allocator@_K@std@@@std@@AEAAX_KAEBU_Value_init_tag@1@@Z 0000000180094460 f i collisioncodegen_CollisionGeometry.obj
 0001:000935b0       ??$_Seek_wrapped@V?$_Vector_iterator@V?$_Vector_val@U?$_Simple_types@N@std@@@std@@@std@@PEAN@std@@YAXAEAV?$_Vector_iterator@V?$_Vector_val@U?$_Simple_types@N@std@@@std@@@0@$$QEAPEAN@Z 00000001800945b0 f i collisioncodegen_CollisionGeometry.obj
 0001:000935e0       ??$_Seek_wrapped@V?$_Vector_iterator@V?$_Vector_val@U?$_Simple_types@_K@std@@@std@@@std@@AEAPEA_K@std@@YAXAEAV?$_Vector_iterator@V?$_Vector_val@U?$_Simple_types@_K@std@@@std@@@0@AEAPEA_K@Z 00000001800945e0 f i collisioncodegen_CollisionGeometry.obj
 0001:00093610       ??$_Seek_wrapped@V?$_Vector_iterator@V?$_Vector_val@U?$_Simple_types@_K@std@@@std@@@std@@AEBQEA_K@std@@YAXAEAV?$_Vector_iterator@V?$_Vector_val@U?$_Simple_types@_K@std@@@std@@@0@AEBQEA_K@Z 0000000180094610 f i collisioncodegen_CollisionGeometry.obj
 0001:00093640       ??$_Sort_heap_unchecked@PEA_KU?$less@X@std@@@std@@YAXPEA_K0U?$less@X@0@@Z 0000000180094640 f i collisioncodegen_CollisionGeometry.obj
 0001:000936a0       ??$_Sort_unchecked@PEA_KU?$less@X@std@@@std@@YAXPEA_K0_JU?$less@X@0@@Z 00000001800946a0 f i collisioncodegen_CollisionGeometry.obj
 0001:000937e0       ??$_To_address@PEAN@std@@YA?A_PAEBQEAN@Z 00000001800947e0 f i collisioncodegen_CollisionGeometry.obj
 0001:000937f0       ??$_To_address@PEA_K@std@@YA?A_PAEBQEA_K@Z 00000001800947f0 f i collisioncodegen_CollisionGeometry.obj
 0001:00093800       ??$_Unfancy@N@std@@YAPEANPEAN@Z 0000000180094800 f i collisioncodegen_CollisionGeometry.obj
 0001:00093810       ??$_Unfancy@V?$vector@_KV?$allocator@_K@std@@@std@@@std@@YAPEAV?$vector@_KV?$allocator@_K@std@@@0@PEAV10@@Z 0000000180094810 f i collisioncodegen_CollisionGeometry.obj
 0001:00093820       ??$_Unfancy@_K@std@@YAPEA_KPEA_K@Z 0000000180094820 f i collisioncodegen_CollisionGeometry.obj
 0001:00093830       ??$_Uninitialized_move@PEANV?$allocator@N@std@@@std@@YAPEANQEAN0PEANAEAV?$allocator@N@0@@Z 0000000180094830 f i collisioncodegen_CollisionGeometry.obj
 0001:00093910       ??$_Uninitialized_move@PEAV?$vector@_KV?$allocator@_K@std@@@std@@V?$allocator@V?$vector@_KV?$allocator@_K@std@@@std@@@2@@std@@YAPEAV?$vector@_KV?$allocator@_K@std@@@0@QEAV10@0PEAV10@AEAV?$allocator@V?$vector@_KV?$allocator@_K@std@@@std@@@0@@Z 0000000180094910 f i collisioncodegen_CollisionGeometry.obj
 0001:000939c0       ??$_Uninitialized_move@PEA_KV?$allocator@_K@std@@@std@@YAPEA_KQEA_K0PEA_KAEAV?$allocator@_K@0@@Z 00000001800949c0 f i collisioncodegen_CollisionGeometry.obj
 0001:00093aa0       ??$_Uninitialized_value_construct_n@V?$allocator@V?$vector@_KV?$allocator@_K@std@@@std@@@std@@@std@@YAPEAV?$vector@_KV?$allocator@_K@std@@@0@PEAV10@_KAEAV?$allocator@V?$vector@_KV?$allocator@_K@std@@@std@@@0@@Z 0000000180094aa0 f i collisioncodegen_CollisionGeometry.obj
 0001:00093b10       ??$_Uninitialized_value_construct_n@V?$allocator@_K@std@@@std@@YAPEA_KPEA_K_KAEAV?$allocator@_K@0@@Z 0000000180094b10 f i collisioncodegen_CollisionGeometry.obj
 0001:00093bc0       ??$_Voidify_iter@PEAN@std@@YAPEAXPEAN@Z 0000000180094bc0 f i collisioncodegen_CollisionGeometry.obj
 0001:00093bd0       ??$_Voidify_iter@PEAV?$vector@_KV?$allocator@_K@std@@@std@@@std@@YAPEAXPEAV?$vector@_KV?$allocator@_K@std@@@0@@Z 0000000180094bd0 f i collisioncodegen_CollisionGeometry.obj
 0001:00093be0       ??$_Voidify_iter@PEA_K@std@@YAPEAXPEA_K@Z 0000000180094be0 f i collisioncodegen_CollisionGeometry.obj
 0001:00093bf0       ??$_Zero_range@PEA_K@std@@YAPEA_KQEA_K0@Z 0000000180094bf0 f i collisioncodegen_CollisionGeometry.obj
 0001:00093c50       ??$addressof@N@std@@YAPEANAEAN@Z 0000000180094c50 f i collisioncodegen_CollisionGeometry.obj
 0001:00093c60       ??$addressof@V?$_Vector_val@U?$_Simple_types@N@std@@@std@@@std@@YAPEAV?$_Vector_val@U?$_Simple_types@N@std@@@0@AEAV10@@Z 0000000180094c60 f i collisioncodegen_CollisionGeometry.obj
 0001:00093c70       ??$addressof@V?$_Vector_val@U?$_Simple_types@_K@std@@@std@@@std@@YAPEAV?$_Vector_val@U?$_Simple_types@_K@std@@@0@AEAV10@@Z 0000000180094c70 f i collisioncodegen_CollisionGeometry.obj
 0001:00093c80       ??$addressof@_K@std@@YAPEA_KAEA_K@Z 0000000180094c80 f i collisioncodegen_CollisionGeometry.obj
 0001:00093c90       ??$construct@NN@?$_Default_allocator_traits@V?$allocator@N@std@@@std@@SAXAEAV?$allocator@N@1@QEAN$$QEAN@Z 0000000180094c90 f i collisioncodegen_CollisionGeometry.obj
 0001:00093ce0       ??$construct@V?$vector@_KV?$allocator@_K@std@@@std@@$$V@?$_Default_allocator_traits@V?$allocator@V?$vector@_KV?$allocator@_K@std@@@std@@@std@@@std@@SAXAEAV?$allocator@V?$vector@_KV?$allocator@_K@std@@@std@@@1@QEAV?$vector@_KV?$allocator@_K@std@@@1@@Z 0000000180094ce0 f i collisioncodegen_CollisionGeometry.obj
 0001:00093d20       ??$construct@V?$vector@_KV?$allocator@_K@std@@@std@@V12@@?$_Default_allocator_traits@V?$allocator@V?$vector@_KV?$allocator@_K@std@@@std@@@std@@@std@@SAXAEAV?$allocator@V?$vector@_KV?$allocator@_K@std@@@std@@@1@QEAV?$vector@_KV?$allocator@_K@std@@@1@$$QEAV31@@Z 0000000180094d20 f i collisioncodegen_CollisionGeometry.obj
 0001:00093d70       ??$construct@_K$$V@?$_Default_allocator_traits@V?$allocator@_K@std@@@std@@SAXAEAV?$allocator@_K@1@QEA_K@Z 0000000180094d70 f i collisioncodegen_CollisionGeometry.obj
 0001:00093dc0       ??$construct@_KAEB_K@?$_Default_allocator_traits@V?$allocator@_K@std@@@std@@SAXAEAV?$allocator@_K@1@QEA_KAEB_K@Z 0000000180094dc0 f i collisioncodegen_CollisionGeometry.obj
 0001:00093e10       ??$construct@_K_K@?$_Default_allocator_traits@V?$allocator@_K@std@@@std@@SAXAEAV?$allocator@_K@1@QEA_K$$QEA_K@Z 0000000180094e10 f i collisioncodegen_CollisionGeometry.obj
 0001:00093e60       ??$destroy@V?$vector@_KV?$allocator@_K@std@@@std@@@?$_Default_allocator_traits@V?$allocator@V?$vector@_KV?$allocator@_K@std@@@std@@@std@@@std@@SAXAEAV?$allocator@V?$vector@_KV?$allocator@_K@std@@@std@@@1@QEAV?$vector@_KV?$allocator@_K@std@@@1@@Z 0000000180094e60 f i collisioncodegen_CollisionGeometry.obj
 0001:00093e80       ??$endl@DU?$char_traits@D@std@@@std@@YAAEAV?$basic_ostream@DU?$char_traits@D@std@@@0@AEAV10@@Z 0000000180094e80 f i collisioncodegen_CollisionGeometry.obj
 0001:00093ed0       ??$exchange@PEA_K$$T@std@@YAPEA_KAEAPEA_K$$QEA$$T@Z 0000000180094ed0 f i collisioncodegen_CollisionGeometry.obj
 0001:00093f10       ??$forward@AEAPEA_K@std@@YAAEAPEA_KAEAPEA_K@Z 0000000180094f10 f i collisioncodegen_CollisionGeometry.obj
 0001:00093f20       ??$forward@AEBQEA_K@std@@YAAEBQEA_KAEBQEA_K@Z 0000000180094f20 f i collisioncodegen_CollisionGeometry.obj
 0001:00093f30       ??$forward@AEB_K@std@@YAAEB_KAEB_K@Z 0000000180094f30 f i collisioncodegen_CollisionGeometry.obj
 0001:00093f40       ??$forward@N@std@@YA$$QEANAEAN@Z 0000000180094f40 f i collisioncodegen_CollisionGeometry.obj
 0001:00093f50       ??$forward@PEAN@std@@YA$$QEAPEANAEAPEAN@Z 0000000180094f50 f i collisioncodegen_CollisionGeometry.obj
 0001:00093f60       ??$forward@PEA_K@std@@YA$$QEAPEA_KAEAPEA_K@Z 0000000180094f60 f i collisioncodegen_CollisionGeometry.obj
 0001:00093f70       ??$forward@V?$allocator@_K@std@@@std@@YA$$QEAV?$allocator@_K@0@AEAV10@@Z 0000000180094f70 f i collisioncodegen_CollisionGeometry.obj
 0001:00093f80       ??$forward@V?$vector@_KV?$allocator@_K@std@@@std@@@std@@YA$$QEAV?$vector@_KV?$allocator@_K@std@@@0@AEAV10@@Z 0000000180094f80 f i collisioncodegen_CollisionGeometry.obj
 0001:00093f90       ??$forward@_K@std@@YA$$QEA_KAEA_K@Z 0000000180094f90 f i collisioncodegen_CollisionGeometry.obj
 0001:00093fa0       ??$iter_swap@PEA_KPEA_K@std@@YAXPEA_K0@Z 0000000180094fa0 f i collisioncodegen_CollisionGeometry.obj
 0001:00093fd0       ??$max_element@V?$_Vector_iterator@V?$_Vector_val@U?$_Simple_types@N@std@@@std@@@std@@@std@@YA?AV?$_Vector_iterator@V?$_Vector_val@U?$_Simple_types@N@std@@@std@@@0@V10@0@Z 0000000180094fd0 f i collisioncodegen_CollisionGeometry.obj
 0001:00094020       ??$max_element@V?$_Vector_iterator@V?$_Vector_val@U?$_Simple_types@N@std@@@std@@@std@@U?$less@X@2@@std@@YA?AV?$_Vector_iterator@V?$_Vector_val@U?$_Simple_types@N@std@@@std@@@0@V10@0U?$less@X@0@@Z 0000000180095020 f i collisioncodegen_CollisionGeometry.obj
 0001:000940b0       ??$min@_K@std@@YAAEB_KAEB_K0@Z 00000001800950b0 f i collisioncodegen_CollisionGeometry.obj
 0001:00094100       ??$move@AEAN@std@@YA$$QEANAEAN@Z 0000000180095100 f i collisioncodegen_CollisionGeometry.obj
 0001:00094110       ??$move@AEAV?$allocator@_K@std@@@std@@YA$$QEAV?$allocator@_K@0@AEAV10@@Z 0000000180095110 f i collisioncodegen_CollisionGeometry.obj
 0001:00094120       ??$move@AEAV?$vector@_KV?$allocator@_K@std@@@std@@@std@@YA$$QEAV?$vector@_KV?$allocator@_K@std@@@0@AEAV10@@Z 0000000180095120 f i collisioncodegen_CollisionGeometry.obj
 0001:00094130       ??$move@AEA_K@std@@YA$$QEA_KAEA_K@Z 0000000180095130 f i collisioncodegen_CollisionGeometry.obj
 0001:00094140       ??$sort@V?$_Vector_iterator@V?$_Vector_val@U?$_Simple_types@_K@std@@@std@@@std@@@std@@YAXV?$_Vector_iterator@V?$_Vector_val@U?$_Simple_types@_K@std@@@std@@@0@0@Z 0000000180095140 f i collisioncodegen_CollisionGeometry.obj
 0001:00094180       ??$sort@V?$_Vector_iterator@V?$_Vector_val@U?$_Simple_types@_K@std@@@std@@@std@@U?$less@X@2@@std@@YAXV?$_Vector_iterator@V?$_Vector_val@U?$_Simple_types@_K@std@@@std@@@0@0U?$less@X@0@@Z 0000000180095180 f i collisioncodegen_CollisionGeometry.obj
 0001:00094200       ??$swap@_K$0A@@std@@YAXAEA_K0@Z 0000000180095200 f i collisioncodegen_CollisionGeometry.obj
 0001:00094250       ??$unique@V?$_Vector_iterator@V?$_Vector_val@U?$_Simple_types@_K@std@@@std@@@std@@@std@@YA?AV?$_Vector_iterator@V?$_Vector_val@U?$_Simple_types@_K@std@@@std@@@0@V10@0@Z 0000000180095250 f i collisioncodegen_CollisionGeometry.obj
 0001:000942a0       ??$unique@V?$_Vector_iterator@V?$_Vector_val@U?$_Simple_types@_K@std@@@std@@@std@@U?$equal_to@X@2@@std@@YA?AV?$_Vector_iterator@V?$_Vector_val@U?$_Simple_types@_K@std@@@std@@@0@V10@0U?$equal_to@X@0@@Z 00000001800952a0 f i collisioncodegen_CollisionGeometry.obj
 0001:00094400       ??0?$_Uninitialized_backout_al@V?$allocator@N@std@@@std@@QEAA@PEANAEAV?$allocator@N@1@@Z 0000000180095400 f i collisioncodegen_CollisionGeometry.obj
 0001:00094440       ??0?$_Uninitialized_backout_al@V?$allocator@V?$vector@_KV?$allocator@_K@std@@@std@@@std@@@std@@QEAA@PEAV?$vector@_KV?$allocator@_K@std@@@1@AEAV?$allocator@V?$vector@_KV?$allocator@_K@std@@@std@@@1@@Z 0000000180095440 f i collisioncodegen_CollisionGeometry.obj
 0001:00094480       ??0?$_Uninitialized_backout_al@V?$allocator@_K@std@@@std@@QEAA@PEA_KAEAV?$allocator@_K@1@@Z 0000000180095480 f i collisioncodegen_CollisionGeometry.obj
 0001:000944c0       ??0?$_Vector_const_iterator@V?$_Vector_val@U?$_Simple_types@N@std@@@std@@@std@@QEAA@PEANPEBU_Container_base0@1@@Z 00000001800954c0 f i collisioncodegen_CollisionGeometry.obj
 0001:00094500       ??0?$_Vector_const_iterator@V?$_Vector_val@U?$_Simple_types@_K@std@@@std@@@std@@QEAA@PEA_KPEBU_Container_base0@1@@Z 0000000180095500 f i collisioncodegen_CollisionGeometry.obj
 0001:00094540       ??0?$_Vector_iterator@V?$_Vector_val@U?$_Simple_types@N@std@@@std@@@std@@QEAA@PEANPEBU_Container_base0@1@@Z 0000000180095540 f i collisioncodegen_CollisionGeometry.obj
 0001:00094580       ??0?$_Vector_iterator@V?$_Vector_val@U?$_Simple_types@_K@std@@@std@@@std@@QEAA@PEA_KPEBU_Container_base0@1@@Z 0000000180095580 f i collisioncodegen_CollisionGeometry.obj
 0001:000945c0       ??0?$_Vector_val@U?$_Simple_types@N@std@@@std@@QEAA@XZ 00000001800955c0 f i collisioncodegen_CollisionGeometry.obj
 0001:00094600       ??0?$_Vector_val@U?$_Simple_types@_K@std@@@std@@QEAA@PEA_K00@Z 0000000180095600 f i collisioncodegen_CollisionGeometry.obj
 0001:00094650       ??0?$_Vector_val@U?$_Simple_types@_K@std@@@std@@QEAA@XZ 0000000180095650 f i collisioncodegen_CollisionGeometry.obj
 0001:00094690       ??0?$allocator@N@std@@QEAA@XZ 0000000180095690 f i collisioncodegen_CollisionGeometry.obj
 0001:000946a0       ??0?$allocator@_K@std@@QEAA@XZ 00000001800956a0 f i collisioncodegen_CollisionGeometry.obj
 0001:000946b0       ??0?$vector@NV?$allocator@N@std@@@std@@QEAA@XZ 00000001800956b0 f i collisioncodegen_CollisionGeometry.obj
 0001:000946f0       ??0?$vector@_KV?$allocator@_K@std@@@std@@QEAA@$$QEAV01@@Z 00000001800956f0 f i collisioncodegen_CollisionGeometry.obj
 0001:000947f0       ??0?$vector@_KV?$allocator@_K@std@@@std@@QEAA@XZ 00000001800957f0 f i collisioncodegen_CollisionGeometry.obj
 0001:00094830       ??0_Sentry_base@?$basic_ostream@DU?$char_traits@D@std@@@std@@QEAA@AEAV12@@Z 0000000180095830 f i collisioncodegen_CollisionGeometry.obj
 0001:000948a0       ??0bad_alloc@std@@AEAA@QEBD@Z 00000001800958a0 f i collisioncodegen_CollisionGeometry.obj
 0001:000948e0       ??0bad_alloc@std@@QEAA@AEBV01@@Z 00000001800958e0 f i collisioncodegen_CollisionGeometry.obj
 0001:00094920       ??0bad_array_new_length@std@@QEAA@AEBV01@@Z 0000000180095920 f i collisioncodegen_CollisionGeometry.obj
 0001:00094960       ??0bad_array_new_length@std@@QEAA@XZ 0000000180095960 f i collisioncodegen_CollisionGeometry.obj
 0001:000949a0       ??0exception@std@@QEAA@AEBV01@@Z 00000001800959a0 f i collisioncodegen_CollisionGeometry.obj
 0001:00094a00       ??0exception@std@@QEAA@QEBDH@Z 0000000180095a00 f i collisioncodegen_CollisionGeometry.obj
 0001:00094a50       ??0sentry@?$basic_ostream@DU?$char_traits@D@std@@@std@@QEAA@AEAV12@@Z 0000000180095a50 f i collisioncodegen_CollisionGeometry.obj
 0001:00094b30       ??1?$_Uninitialized_backout_al@V?$allocator@N@std@@@std@@QEAA@XZ 0000000180095b30 f i collisioncodegen_CollisionGeometry.obj
 0001:00094b60       ??1?$_Uninitialized_backout_al@V?$allocator@V?$vector@_KV?$allocator@_K@std@@@std@@@std@@@std@@QEAA@XZ 0000000180095b60 f i collisioncodegen_CollisionGeometry.obj
 0001:00094b90       ??1?$_Uninitialized_backout_al@V?$allocator@_K@std@@@std@@QEAA@XZ 0000000180095b90 f i collisioncodegen_CollisionGeometry.obj
 0001:00094bc0       ??1?$vector@NV?$allocator@N@std@@@std@@QEAA@XZ 0000000180095bc0 f i collisioncodegen_CollisionGeometry.obj
 0001:00094be0       ??1?$vector@U_ccd_vec3_t@@V?$allocator@U_ccd_vec3_t@@@std@@@std@@QEAA@XZ 0000000180095be0 f i collisioncodegen_CollisionGeometry.obj
 0001:00094c00       ??1?$vector@U_idx_vec3_t@shared_robotics@@V?$allocator@U_idx_vec3_t@shared_robotics@@@std@@@std@@QEAA@XZ 0000000180095c00 f i collisioncodegen_CollisionGeometry.obj
 0001:00094c20       ??1?$vector@V?$vector@_KV?$allocator@_K@std@@@std@@V?$allocator@V?$vector@_KV?$allocator@_K@std@@@std@@@2@@std@@QEAA@XZ 0000000180095c20 f i collisioncodegen_CollisionGeometry.obj
 0001:00094c40       ??1?$vector@_KV?$allocator@_K@std@@@std@@QEAA@XZ 0000000180095c40 f i collisioncodegen_CollisionGeometry.obj
 0001:00094c60       ??1_Sentry_base@?$basic_ostream@DU?$char_traits@D@std@@@std@@QEAA@XZ 0000000180095c60 f i collisioncodegen_CollisionGeometry.obj
 0001:00094cc0       ??1bad_alloc@std@@UEAA@XZ  0000000180095cc0 f i collisioncodegen_CollisionGeometry.obj
 0001:00094ce0       ??1bad_array_new_length@std@@UEAA@XZ 0000000180095ce0 f i collisioncodegen_CollisionGeometry.obj
 0001:00094d00       ??1exception@std@@UEAA@XZ  0000000180095d00 f i collisioncodegen_CollisionGeometry.obj
 0001:00094d30       ??1sentry@?$basic_ostream@DU?$char_traits@D@std@@@std@@QEAA@XZ 0000000180095d30 f i collisioncodegen_CollisionGeometry.obj
 0001:00094d90       ??2@YAPEAX_KPEAX@Z         0000000180095d90 f i collisioncodegen_CollisionGeometry.obj
 0001:00094da0       ??A?$vector@U_ccd_vec3_t@@V?$allocator@U_ccd_vec3_t@@@std@@@std@@QEBAAEBU_ccd_vec3_t@@_K@Z 0000000180095da0 f i collisioncodegen_CollisionGeometry.obj
 0001:00094dd0       ??A?$vector@U_idx_vec3_t@shared_robotics@@V?$allocator@U_idx_vec3_t@shared_robotics@@@std@@@std@@QEAAAEAU_idx_vec3_t@shared_robotics@@_K@Z 0000000180095dd0 f i collisioncodegen_CollisionGeometry.obj
 0001:00094e00       ??A?$vector@V?$vector@_KV?$allocator@_K@std@@@std@@V?$allocator@V?$vector@_KV?$allocator@_K@std@@@std@@@2@@std@@QEAAAEAV?$vector@_KV?$allocator@_K@std@@@1@_K@Z 0000000180095e00 f i collisioncodegen_CollisionGeometry.obj
 0001:00094e30       ??A?$vector@V?$vector@_KV?$allocator@_K@std@@@std@@V?$allocator@V?$vector@_KV?$allocator@_K@std@@@std@@@2@@std@@QEBAAEBV?$vector@_KV?$allocator@_K@std@@@1@_K@Z 0000000180095e30 f i collisioncodegen_CollisionGeometry.obj
 0001:00094e60       ??A?$vector@_KV?$allocator@_K@std@@@std@@QEBAAEB_K_K@Z 0000000180095e60 f i collisioncodegen_CollisionGeometry.obj
 0001:00094e90       ??Bsentry@?$basic_ostream@DU?$char_traits@D@std@@@std@@QEBA_NXZ 0000000180095e90 f i collisioncodegen_CollisionGeometry.obj
 0001:00094ea0       ??G?$_Vector_const_iterator@V?$_Vector_val@U?$_Simple_types@N@std@@@std@@@std@@QEBA_JAEBV01@@Z 0000000180095ea0 f i collisioncodegen_CollisionGeometry.obj
 0001:00094ee0       ??_G?$vector@_KV?$allocator@_K@std@@@std@@QEAAPEAXI@Z 0000000180095ee0 f i collisioncodegen_CollisionGeometry.obj
 0001:00094f20       ??_ECollisionGeometry@shared_robotics@@UEAAPEAXI@Z 0000000180095f20 f i collisioncodegen_CollisionGeometry.obj
 0001:00094f20       ??_GCollisionGeometry@shared_robotics@@UEAAPEAXI@Z 0000000180095f20 f i collisioncodegen_CollisionGeometry.obj
 0001:00094f60       ??_Ebad_alloc@std@@UEAAPEAXI@Z 0000000180095f60 f i collisioncodegen_CollisionGeometry.obj
 0001:00094f60       ??_Gbad_alloc@std@@UEAAPEAXI@Z 0000000180095f60 f i collisioncodegen_CollisionGeometry.obj
 0001:00094fa0       ??_Ebad_array_new_length@std@@UEAAPEAXI@Z 0000000180095fa0 f i collisioncodegen_CollisionGeometry.obj
 0001:00094fa0       ??_Gbad_array_new_length@std@@UEAAPEAXI@Z 0000000180095fa0 f i collisioncodegen_CollisionGeometry.obj
 0001:00094fe0       ??_Eexception@std@@UEAAPEAXI@Z 0000000180095fe0 f i collisioncodegen_CollisionGeometry.obj
 0001:00094fe0       ??_Gexception@std@@UEAAPEAXI@Z 0000000180095fe0 f i collisioncodegen_CollisionGeometry.obj
 0001:00095020       ?_Adjust_manually_vector_aligned@std@@YAXAEAPEAXAEA_K@Z 0000000180096020 f i collisioncodegen_CollisionGeometry.obj
 0001:000950c0       ?_Adopt@_Iterator_base0@std@@QEAAXPEBX@Z 00000001800960c0 f i collisioncodegen_CollisionGeometry.obj
 0001:000950d0       ?_Alloc_proxy@_Container_base0@std@@QEAAXAEBU_Fake_allocator@2@@Z 00000001800960d0 f i collisioncodegen_CollisionGeometry.obj
 0001:000950e0       ?_Allocate@_Default_allocate_traits@std@@SAPEAX_K@Z 00000001800960e0 f i collisioncodegen_CollisionGeometry.obj
 0001:00095100       ?_Calculate_growth@?$vector@NV?$allocator@N@std@@@std@@AEBA_K_K@Z 0000000180096100 f i collisioncodegen_CollisionGeometry.obj
 0001:00095190       ?_Calculate_growth@?$vector@V?$vector@_KV?$allocator@_K@std@@@std@@V?$allocator@V?$vector@_KV?$allocator@_K@std@@@std@@@2@@std@@AEBA_K_K@Z 0000000180096190 f i collisioncodegen_CollisionGeometry.obj
 0001:00095220       ?_Calculate_growth@?$vector@_KV?$allocator@_K@std@@@std@@AEBA_K_K@Z 0000000180096220 f i collisioncodegen_CollisionGeometry.obj
 0001:000952b0       ?_Change_array@?$vector@NV?$allocator@N@std@@@std@@AEAAXQEAN_K1@Z 00000001800962b0 f i collisioncodegen_CollisionGeometry.obj
 0001:000953a0       ?_Change_array@?$vector@V?$vector@_KV?$allocator@_K@std@@@std@@V?$allocator@V?$vector@_KV?$allocator@_K@std@@@std@@@2@@std@@AEAAXQEAV?$vector@_KV?$allocator@_K@std@@@2@_K1@Z 00000001800963a0 f i collisioncodegen_CollisionGeometry.obj
 0001:000954a0       ?_Change_array@?$vector@_KV?$allocator@_K@std@@@std@@AEAAXQEA_K_K1@Z 00000001800964a0 f i collisioncodegen_CollisionGeometry.obj
 0001:00095590       ?_Compat@?$_Vector_const_iterator@V?$_Vector_val@U?$_Simple_types@N@std@@@std@@@std@@QEBAXAEBV12@@Z 0000000180096590 f i collisioncodegen_CollisionGeometry.obj
 0001:000955a0       ?_Get_first@?$_Compressed_pair@V?$allocator@N@std@@V?$_Vector_val@U?$_Simple_types@N@std@@@2@$00@std@@QEAAAEAV?$allocator@N@2@XZ 00000001800965a0 f i collisioncodegen_CollisionGeometry.obj
 0001:000955b0       ?_Get_first@?$_Compressed_pair@V?$allocator@N@std@@V?$_Vector_val@U?$_Simple_types@N@std@@@2@$00@std@@QEBAAEBV?$allocator@N@2@XZ 00000001800965b0 f i collisioncodegen_CollisionGeometry.obj
 0001:000955c0       ?_Get_first@?$_Compressed_pair@V?$allocator@U_ccd_vec3_t@@@std@@V?$_Vector_val@U?$_Simple_types@U_ccd_vec3_t@@@std@@@2@$00@std@@QEAAAEAV?$allocator@U_ccd_vec3_t@@@2@XZ 00000001800965c0 f i collisioncodegen_CollisionGeometry.obj
 0001:000955d0       ?_Get_first@?$_Compressed_pair@V?$allocator@U_idx_vec3_t@shared_robotics@@@std@@V?$_Vector_val@U?$_Simple_types@U_idx_vec3_t@shared_robotics@@@std@@@2@$00@std@@QEAAAEAV?$allocator@U_idx_vec3_t@shared_robotics@@@2@XZ 00000001800965d0 f i collisioncodegen_CollisionGeometry.obj
 0001:000955e0       ?_Get_first@?$_Compressed_pair@V?$allocator@V?$vector@_KV?$allocator@_K@std@@@std@@@std@@V?$_Vector_val@U?$_Simple_types@V?$vector@_KV?$allocator@_K@std@@@std@@@std@@@2@$00@std@@QEAAAEAV?$allocator@V?$vector@_KV?$allocator@_K@std@@@std@@@2@XZ 00000001800965e0 f i collisioncodegen_CollisionGeometry.obj
 0001:000955f0       ?_Get_first@?$_Compressed_pair@V?$allocator@V?$vector@_KV?$allocator@_K@std@@@std@@@std@@V?$_Vector_val@U?$_Simple_types@V?$vector@_KV?$allocator@_K@std@@@std@@@std@@@2@$00@std@@QEBAAEBV?$allocator@V?$vector@_KV?$allocator@_K@std@@@std@@@2@XZ 00000001800965f0 f i collisioncodegen_CollisionGeometry.obj
 0001:00095600       ?_Get_first@?$_Compressed_pair@V?$allocator@_K@std@@V?$_Vector_val@U?$_Simple_types@_K@std@@@2@$00@std@@QEAAAEAV?$allocator@_K@2@XZ 0000000180096600 f i collisioncodegen_CollisionGeometry.obj
 0001:00095610       ?_Get_first@?$_Compressed_pair@V?$allocator@_K@std@@V?$_Vector_val@U?$_Simple_types@_K@std@@@2@$00@std@@QEBAAEBV?$allocator@_K@2@XZ 0000000180096610 f i collisioncodegen_CollisionGeometry.obj
 0001:00095620       ?_Getal@?$vector@NV?$allocator@N@std@@@std@@AEAAAEAV?$allocator@N@2@XZ 0000000180096620 f i collisioncodegen_CollisionGeometry.obj
 0001:00095640       ?_Getal@?$vector@NV?$allocator@N@std@@@std@@AEBAAEBV?$allocator@N@2@XZ 0000000180096640 f i collisioncodegen_CollisionGeometry.obj
 0001:00095660       ?_Getal@?$vector@U_ccd_vec3_t@@V?$allocator@U_ccd_vec3_t@@@std@@@std@@AEAAAEAV?$allocator@U_ccd_vec3_t@@@2@XZ 0000000180096660 f i collisioncodegen_CollisionGeometry.obj
 0001:00095680       ?_Getal@?$vector@U_idx_vec3_t@shared_robotics@@V?$allocator@U_idx_vec3_t@shared_robotics@@@std@@@std@@AEAAAEAV?$allocator@U_idx_vec3_t@shared_robotics@@@2@XZ 0000000180096680 f i collisioncodegen_CollisionGeometry.obj
 0001:000956a0       ?_Getal@?$vector@V?$vector@_KV?$allocator@_K@std@@@std@@V?$allocator@V?$vector@_KV?$allocator@_K@std@@@std@@@2@@std@@AEAAAEAV?$allocator@V?$vector@_KV?$allocator@_K@std@@@std@@@2@XZ 00000001800966a0 f i collisioncodegen_CollisionGeometry.obj
 0001:000956c0       ?_Getal@?$vector@V?$vector@_KV?$allocator@_K@std@@@std@@V?$allocator@V?$vector@_KV?$allocator@_K@std@@@std@@@2@@std@@AEBAAEBV?$allocator@V?$vector@_KV?$allocator@_K@std@@@std@@@2@XZ 00000001800966c0 f i collisioncodegen_CollisionGeometry.obj
 0001:000956e0       ?_Getal@?$vector@_KV?$allocator@_K@std@@@std@@AEAAAEAV?$allocator@_K@2@XZ 00000001800966e0 f i collisioncodegen_CollisionGeometry.obj
 0001:00095700       ?_Getal@?$vector@_KV?$allocator@_K@std@@@std@@AEBAAEBV?$allocator@_K@2@XZ 0000000180096700 f i collisioncodegen_CollisionGeometry.obj
 0001:00095720       ?_Orphan_all@_Container_base0@std@@QEAAXXZ 0000000180096720 f i collisioncodegen_CollisionGeometry.obj
 0001:00095730       ?_Orphan_range@?$vector@NV?$allocator@N@std@@@std@@AEBAXPEAN0@Z 0000000180096730 f i collisioncodegen_CollisionGeometry.obj
 0001:00095740       ?_Orphan_range@?$vector@V?$vector@_KV?$allocator@_K@std@@@std@@V?$allocator@V?$vector@_KV?$allocator@_K@std@@@std@@@2@@std@@AEBAXPEAV?$vector@_KV?$allocator@_K@std@@@2@0@Z 0000000180096740 f i collisioncodegen_CollisionGeometry.obj
 0001:00095750       ?_Orphan_range@?$vector@_KV?$allocator@_K@std@@@std@@AEBAXPEA_K0@Z 0000000180096750 f i collisioncodegen_CollisionGeometry.obj
 0001:00095760       ?_Release@?$_Uninitialized_backout_al@V?$allocator@N@std@@@std@@QEAAPEANXZ 0000000180096760 f i collisioncodegen_CollisionGeometry.obj
 0001:00095780       ?_Release@?$_Uninitialized_backout_al@V?$allocator@V?$vector@_KV?$allocator@_K@std@@@std@@@std@@@std@@QEAAPEAV?$vector@_KV?$allocator@_K@std@@@2@XZ 0000000180096780 f i collisioncodegen_CollisionGeometry.obj
 0001:000957a0       ?_Release@?$_Uninitialized_backout_al@V?$allocator@_K@std@@@std@@QEAAPEA_KXZ 00000001800967a0 f i collisioncodegen_CollisionGeometry.obj
 0001:000957c0       ?_Seek_to@?$_Vector_const_iterator@V?$_Vector_val@U?$_Simple_types@N@std@@@std@@@std@@QEAAXPEBN@Z 00000001800967c0 f i collisioncodegen_CollisionGeometry.obj
 0001:000957f0       ?_Seek_to@?$_Vector_const_iterator@V?$_Vector_val@U?$_Simple_types@_K@std@@@std@@@std@@QEAAXPEB_K@Z 00000001800967f0 f i collisioncodegen_CollisionGeometry.obj
 0001:00095820       ?_Swap_proxy_and_iterators@_Container_base0@std@@QEAAXAEAU12@@Z 0000000180096820 f i collisioncodegen_CollisionGeometry.obj
 0001:00095830       ?_Throw_bad_array_new_length@std@@YAXXZ 0000000180096830 f i collisioncodegen_CollisionGeometry.obj
 0001:00095860       ?_Tidy@?$vector@NV?$allocator@N@std@@@std@@AEAAXXZ 0000000180096860 f i collisioncodegen_CollisionGeometry.obj
 0001:00095930       ?_Tidy@?$vector@U_ccd_vec3_t@@V?$allocator@U_ccd_vec3_t@@@std@@@std@@AEAAXXZ 0000000180096930 f i collisioncodegen_CollisionGeometry.obj
 0001:00095a10       ?_Tidy@?$vector@U_idx_vec3_t@shared_robotics@@V?$allocator@U_idx_vec3_t@shared_robotics@@@std@@@std@@AEAAXXZ 0000000180096a10 f i collisioncodegen_CollisionGeometry.obj
 0001:00095af0       ?_Tidy@?$vector@V?$vector@_KV?$allocator@_K@std@@@std@@V?$allocator@V?$vector@_KV?$allocator@_K@std@@@std@@@2@@std@@AEAAXXZ 0000000180096af0 f i collisioncodegen_CollisionGeometry.obj
 0001:00095bd0       ?_Tidy@?$vector@_KV?$allocator@_K@std@@@std@@AEAAXXZ 0000000180096bd0 f i collisioncodegen_CollisionGeometry.obj
 0001:00095ca0       ?_Unchecked_begin@?$vector@U_ccd_vec3_t@@V?$allocator@U_ccd_vec3_t@@@std@@@std@@QEBAPEBU_ccd_vec3_t@@XZ 0000000180096ca0 f i collisioncodegen_CollisionGeometry.obj
 0001:00095cb0       ?_Unchecked_end@?$vector@U_ccd_vec3_t@@V?$allocator@U_ccd_vec3_t@@@std@@@std@@QEBAPEBU_ccd_vec3_t@@XZ 0000000180096cb0 f i collisioncodegen_CollisionGeometry.obj
 0001:00095cc0       ?_Unwrapped@?$_Vector_iterator@V?$_Vector_val@U?$_Simple_types@N@std@@@std@@@std@@QEBAPEANXZ 0000000180096cc0 f i collisioncodegen_CollisionGeometry.obj
 0001:00095ce0       ?_Unwrapped@?$_Vector_iterator@V?$_Vector_val@U?$_Simple_types@_K@std@@@std@@@std@@QEBAPEA_KXZ 0000000180096ce0 f i collisioncodegen_CollisionGeometry.obj
 0001:00095d00       ?_Xlength@?$vector@NV?$allocator@N@std@@@std@@CAXXZ 0000000180096d00 f i collisioncodegen_CollisionGeometry.obj
 0001:00095d20       ?_Xlength@?$vector@V?$vector@_KV?$allocator@_K@std@@@std@@V?$allocator@V?$vector@_KV?$allocator@_K@std@@@std@@@2@@std@@CAXXZ 0000000180096d20 f i collisioncodegen_CollisionGeometry.obj
 0001:00095d40       ?_Xlength@?$vector@_KV?$allocator@_K@std@@@std@@CAXXZ 0000000180096d40 f i collisioncodegen_CollisionGeometry.obj
 0001:00095d60       ?allocate@?$allocator@N@std@@QEAAPEAN_K@Z 0000000180096d60 f i collisioncodegen_CollisionGeometry.obj
 0001:00095d90       ?allocate@?$allocator@V?$vector@_KV?$allocator@_K@std@@@std@@@std@@QEAAPEAV?$vector@_KV?$allocator@_K@std@@@2@_K@Z 0000000180096d90 f i collisioncodegen_CollisionGeometry.obj
 0001:00095dc0       ?allocate@?$allocator@_K@std@@QEAAPEA_K_K@Z 0000000180096dc0 f i collisioncodegen_CollisionGeometry.obj
 0001:00095df0       ?begin@?$vector@NV?$allocator@N@std@@@std@@QEAA?AV?$_Vector_iterator@V?$_Vector_val@U?$_Simple_types@N@std@@@std@@@2@XZ 0000000180096df0 f i collisioncodegen_CollisionGeometry.obj
 0001:00095e40       ?begin@?$vector@_KV?$allocator@_K@std@@@std@@QEAA?AV?$_Vector_iterator@V?$_Vector_val@U?$_Simple_types@_K@std@@@std@@@2@XZ 0000000180096e40 f i collisioncodegen_CollisionGeometry.obj
 0001:00095e90       ?capacity@?$vector@NV?$allocator@N@std@@@std@@QEBA_KXZ 0000000180096e90 f i collisioncodegen_CollisionGeometry.obj
 0001:00095ec0       ?capacity@?$vector@V?$vector@_KV?$allocator@_K@std@@@std@@V?$allocator@V?$vector@_KV?$allocator@_K@std@@@std@@@2@@std@@QEBA_KXZ 0000000180096ec0 f i collisioncodegen_CollisionGeometry.obj
 0001:00095f00       ?capacity@?$vector@_KV?$allocator@_K@std@@@std@@QEBA_KXZ 0000000180096f00 f i collisioncodegen_CollisionGeometry.obj
 0001:00095f30       ?clear@?$vector@_KV?$allocator@_K@std@@@std@@QEAAXXZ 0000000180096f30 f i collisioncodegen_CollisionGeometry.obj
 0001:00095fb0       ?deallocate@?$allocator@N@std@@QEAAXQEAN_K@Z 0000000180096fb0 f i collisioncodegen_CollisionGeometry.obj
 0001:00095fe0       ?deallocate@?$allocator@U_ccd_vec3_t@@@std@@QEAAXQEAU_ccd_vec3_t@@_K@Z 0000000180096fe0 f i collisioncodegen_CollisionGeometry.obj
 0001:00096010       ?deallocate@?$allocator@U_idx_vec3_t@shared_robotics@@@std@@QEAAXQEAU_idx_vec3_t@shared_robotics@@_K@Z 0000000180097010 f i collisioncodegen_CollisionGeometry.obj
 0001:00096040       ?deallocate@?$allocator@V?$vector@_KV?$allocator@_K@std@@@std@@@std@@QEAAXQEAV?$vector@_KV?$allocator@_K@std@@@2@_K@Z 0000000180097040 f i collisioncodegen_CollisionGeometry.obj
 0001:00096070       ?deallocate@?$allocator@_K@std@@QEAAXQEA_K_K@Z 0000000180097070 f i collisioncodegen_CollisionGeometry.obj
 0001:000960a0       ?end@?$vector@NV?$allocator@N@std@@@std@@QEAA?AV?$_Vector_iterator@V?$_Vector_val@U?$_Simple_types@N@std@@@std@@@2@XZ 00000001800970a0 f i collisioncodegen_CollisionGeometry.obj
 0001:000960f0       ?end@?$vector@_KV?$allocator@_K@std@@@std@@QEAA?AV?$_Vector_iterator@V?$_Vector_val@U?$_Simple_types@_K@std@@@std@@@2@XZ 00000001800970f0 f i collisioncodegen_CollisionGeometry.obj
 0001:00096140       ?eof@?$_Narrow_char_traits@DH@std@@SAHXZ 0000000180097140 f i collisioncodegen_CollisionGeometry.obj
 0001:00096150       ?eq_int_type@?$_Narrow_char_traits@DH@std@@SA_NAEBH0@Z 0000000180097150 f i collisioncodegen_CollisionGeometry.obj
 0001:00096190       ?erase@?$vector@_KV?$allocator@_K@std@@@std@@QEAA?AV?$_Vector_iterator@V?$_Vector_val@U?$_Simple_types@_K@std@@@std@@@2@V?$_Vector_const_iterator@V?$_Vector_val@U?$_Simple_types@_K@std@@@std@@@2@0@Z 0000000180097190 f i collisioncodegen_CollisionGeometry.obj
 0001:00096270       ?length@?$_Narrow_char_traits@DH@std@@SA_KQEBD@Z 0000000180097270 f i collisioncodegen_CollisionGeometry.obj
 0001:00096290       ?max@?$numeric_limits@_J@std@@SA_JXZ 0000000180097290 f i collisioncodegen_CollisionGeometry.obj
 0001:000962a0       ?max_size@?$_Default_allocator_traits@V?$allocator@N@std@@@std@@SA_KAEBV?$allocator@N@2@@Z 00000001800972a0 f i collisioncodegen_CollisionGeometry.obj
 0001:000962b0       ?max_size@?$_Default_allocator_traits@V?$allocator@V?$vector@_KV?$allocator@_K@std@@@std@@@std@@@std@@SA_KAEBV?$allocator@V?$vector@_KV?$allocator@_K@std@@@std@@@2@@Z 00000001800972b0 f i collisioncodegen_CollisionGeometry.obj
 0001:000962c0       ?max_size@?$_Default_allocator_traits@V?$allocator@_K@std@@@std@@SA_KAEBV?$allocator@_K@2@@Z 00000001800972c0 f i collisioncodegen_CollisionGeometry.obj
 0001:000962d0       ?max_size@?$vector@NV?$allocator@N@std@@@std@@QEBA_KXZ 00000001800972d0 f i collisioncodegen_CollisionGeometry.obj
 0001:00096320       ?max_size@?$vector@V?$vector@_KV?$allocator@_K@std@@@std@@V?$allocator@V?$vector@_KV?$allocator@_K@std@@@std@@@2@@std@@QEBA_KXZ 0000000180097320 f i collisioncodegen_CollisionGeometry.obj
 0001:00096370       ?max_size@?$vector@_KV?$allocator@_K@std@@@std@@QEBA_KXZ 0000000180097370 f i collisioncodegen_CollisionGeometry.obj
 0001:000963c0       ?push_back@?$vector@NV?$allocator@N@std@@@std@@QEAAX$$QEAN@Z 00000001800973c0 f i collisioncodegen_CollisionGeometry.obj
 0001:000963f0       ?push_back@?$vector@_KV?$allocator@_K@std@@@std@@QEAAXAEB_K@Z 00000001800973f0 f i collisioncodegen_CollisionGeometry.obj
 0001:00096420       ?resize@?$vector@V?$vector@_KV?$allocator@_K@std@@@std@@V?$allocator@V?$vector@_KV?$allocator@_K@std@@@std@@@2@@std@@QEAAX_K@Z 0000000180097420 f i collisioncodegen_CollisionGeometry.obj
 0001:00096450       ?resize@?$vector@_KV?$allocator@_K@std@@@std@@QEAAX_K@Z 0000000180097450 f i collisioncodegen_CollisionGeometry.obj
 0001:00096480       ?sign@CollisionGeometry@shared_robotics@@IEBAHN@Z 0000000180097480 f i collisioncodegen_CollisionGeometry.obj
 0001:000964d0       ?size@?$vector@_KV?$allocator@_K@std@@@std@@QEBA_KXZ 00000001800974d0 f i collisioncodegen_CollisionGeometry.obj
 0001:00096500       ?what@exception@std@@UEBAPEBDXZ 0000000180097500 f i collisioncodegen_CollisionGeometry.obj
 0001:000965b0       collisioncodegen_makeBox   00000001800975b0 f   collisioncodegen_api.obj
 0001:00096630       collisioncodegen_makeSphere 0000000180097630 f   collisioncodegen_api.obj
 0001:00096690       collisioncodegen_makeCylinder 0000000180097690 f   collisioncodegen_api.obj
 0001:00096700       collisioncodegen_makeCapsule 0000000180097700 f   collisioncodegen_api.obj
 0001:00096780       collisioncodegen_makeMesh  0000000180097780 f   collisioncodegen_api.obj
 0001:000967f0       collisioncodegen_intersect 00000001800977f0 f   collisioncodegen_api.obj
 0001:00096880       collisioncodegen_destructGeometry 0000000180097880 f   collisioncodegen_api.obj
 0001:000968e0       collisioncodegen_copyGeometry 00000001800978e0 f   collisioncodegen_api.obj
 0001:00096950       collisioncodegen_getVertices 0000000180097950 f   collisioncodegen_api.obj
 0001:00096a20       collisioncodegen_getNumVertices 0000000180097a20 f   collisioncodegen_api.obj
 0001:00096a70       collisioncodegen_getX      0000000180097a70 f   collisioncodegen_api.obj
 0001:00096a90       collisioncodegen_getY      0000000180097a90 f   collisioncodegen_api.obj
 0001:00096ab0       collisioncodegen_getZ      0000000180097ab0 f   collisioncodegen_api.obj
 0001:00096ad0       collisioncodegen_getRadius 0000000180097ad0 f   collisioncodegen_api.obj
 0001:00096af0       collisioncodegen_getLength 0000000180097af0 f   collisioncodegen_api.obj
 0001:00096b10       collisioncodegen_getType   0000000180097b10 f   collisioncodegen_api.obj
 0001:00096bb0       ??$?0$$V@?$_Compressed_pair@V?$allocator@D@std@@V?$_String_val@U?$_Simple_types@D@std@@@2@$00@std@@QEAA@U_Zero_then_variadic_args_t@1@@Z 0000000180097bb0 f i collisioncodegen_api.obj
 0001:00096be0       ??$?0$$V@?$_Compressed_pair@V?$allocator@U_ccd_vec3_t@@@std@@V?$_Vector_val@U?$_Simple_types@U_ccd_vec3_t@@@std@@@2@$00@std@@QEAA@U_Zero_then_variadic_args_t@1@@Z 0000000180097be0 f i collisioncodegen_api.obj
 0001:00096c10       ??$?0$$V@?$_Compressed_pair@V?$allocator@U_idx_vec3_t@shared_robotics@@@std@@V?$_Vector_val@U?$_Simple_types@U_idx_vec3_t@shared_robotics@@@std@@@2@$00@std@@QEAA@U_Zero_then_variadic_args_t@1@@Z 0000000180097c10 f i collisioncodegen_api.obj
 0001:00096c40       ??$?0$$V@?$_Compressed_pair@V?$allocator@V?$vector@_KV?$allocator@_K@std@@@std@@@std@@V?$_Vector_val@U?$_Simple_types@V?$vector@_KV?$allocator@_K@std@@@std@@@std@@@2@$00@std@@QEAA@U_Zero_then_variadic_args_t@1@@Z 0000000180097c40 f i collisioncodegen_api.obj
 0001:00096c70       ??$?0V?$allocator@U_ccd_vec3_t@@@std@@$$V@?$_Compressed_pair@V?$allocator@U_ccd_vec3_t@@@std@@V?$_Vector_val@U?$_Simple_types@U_ccd_vec3_t@@@std@@@2@$00@std@@QEAA@U_One_then_variadic_args_t@1@$$QEAV?$allocator@U_ccd_vec3_t@@@1@@Z 0000000180097c70 f i collisioncodegen_api.obj
 0001:00096cb0       ??$?0V?$allocator@U_idx_vec3_t@shared_robotics@@@std@@$$V@?$_Compressed_pair@V?$allocator@U_idx_vec3_t@shared_robotics@@@std@@V?$_Vector_val@U?$_Simple_types@U_idx_vec3_t@shared_robotics@@@std@@@2@$00@std@@QEAA@U_One_then_variadic_args_t@1@$$QEAV?$allocator@U_idx_vec3_t@shared_robotics@@@1@@Z 0000000180097cb0 f i collisioncodegen_api.obj
 0001:00096cf0       ??$?0V?$allocator@V?$vector@_KV?$allocator@_K@std@@@std@@@std@@$$V@?$_Compressed_pair@V?$allocator@V?$vector@_KV?$allocator@_K@std@@@std@@@std@@V?$_Vector_val@U?$_Simple_types@V?$vector@_KV?$allocator@_K@std@@@std@@@std@@@2@$00@std@@QEAA@U_One_then_variadic_args_t@1@$$QEAV?$allocator@V?$vector@_KV?$allocator@_K@std@@@std@@@1@@Z 0000000180097cf0 f i collisioncodegen_api.obj
 0001:00096d30       ??$?0V?$allocator@_K@std@@$$V@?$_Compressed_pair@V?$allocator@_K@std@@V?$_Vector_val@U?$_Simple_types@_K@std@@@2@$00@std@@QEAA@U_One_then_variadic_args_t@1@$$QEAV?$allocator@_K@1@@Z 0000000180097d30 f i collisioncodegen_api.obj
 0001:00096d70       ??$_Construct@$00PEBD@?$basic_string@DU?$char_traits@D@std@@V?$allocator@D@2@@std@@AEAAXQEBD_K@Z 0000000180097d70 f i collisioncodegen_api.obj
 0001:00096f00       ??$_Construct_in_place@PEADAEBQEAD@std@@YAXAEAPEADAEBQEAD@Z 0000000180097f00 f i collisioncodegen_api.obj
 0001:00096f50       ??$_Construct_in_place@U_ccd_vec3_t@@AEBU1@@std@@YAXAEAU_ccd_vec3_t@@AEBU1@@Z 0000000180097f50 f i collisioncodegen_api.obj
 0001:00096fb0       ??$_Construct_n@AEBQEAU_ccd_vec3_t@@AEBQEAU1@@?$vector@U_ccd_vec3_t@@V?$allocator@U_ccd_vec3_t@@@std@@@std@@AEAAX_KAEBQEAU_ccd_vec3_t@@1@Z 0000000180097fb0 f i collisioncodegen_api.obj
 0001:00097090       ??$_Construct_n@AEBQEAU_idx_vec3_t@shared_robotics@@AEBQEAU12@@?$vector@U_idx_vec3_t@shared_robotics@@V?$allocator@U_idx_vec3_t@shared_robotics@@@std@@@std@@AEAAX_KAEBQEAU_idx_vec3_t@shared_robotics@@1@Z 0000000180098090 f i collisioncodegen_api.obj
 0001:00097170       ??$_Construct_n@AEBQEAV?$vector@_KV?$allocator@_K@std@@@std@@AEBQEAV12@@?$vector@V?$vector@_KV?$allocator@_K@std@@@std@@V?$allocator@V?$vector@_KV?$allocator@_K@std@@@std@@@2@@std@@AEAAX_KAEBQEAV?$vector@_KV?$allocator@_K@std@@@1@1@Z 0000000180098170 f i collisioncodegen_api.obj
 0001:00097250       ??$_Construct_n@AEBQEA_KAEBQEA_K@?$vector@_KV?$allocator@_K@std@@@std@@AEAAX_KAEBQEA_K1@Z 0000000180098250 f i collisioncodegen_api.obj
 0001:00097330       ??$_Convert_size@_K_K@std@@YA_K_K@Z 0000000180098330 f i collisioncodegen_api.obj
 0001:00097340       ??$_Copy_memmove@PEAU_ccd_vec3_t@@PEAU1@@std@@YAPEAU_ccd_vec3_t@@PEAU1@00@Z 0000000180098340 f i collisioncodegen_api.obj
 0001:000973e0       ??$_Copy_memmove@PEAU_idx_vec3_t@shared_robotics@@PEAU12@@std@@YAPEAU_idx_vec3_t@shared_robotics@@PEAU12@00@Z 00000001800983e0 f i collisioncodegen_api.obj
 0001:00097480       ??$_Destroy_in_place@PEAD@std@@YAXAEAPEAD@Z 0000000180098480 f i collisioncodegen_api.obj
 0001:00097490       ??$_Emplace_back@AEAU_ccd_vec3_t@@@?$_Uninitialized_backout_al@V?$allocator@U_ccd_vec3_t@@@std@@@std@@QEAAXAEAU_ccd_vec3_t@@@Z 0000000180098490 f i collisioncodegen_api.obj
 0001:000974f0       ??$_Emplace_back@AEAU_idx_vec3_t@shared_robotics@@@?$_Uninitialized_backout_al@V?$allocator@U_idx_vec3_t@shared_robotics@@@std@@@std@@QEAAXAEAU_idx_vec3_t@shared_robotics@@@Z 00000001800984f0 f i collisioncodegen_api.obj
 0001:00097550       ??$_Emplace_back@AEAV?$vector@_KV?$allocator@_K@std@@@std@@@?$_Uninitialized_backout_al@V?$allocator@V?$vector@_KV?$allocator@_K@std@@@std@@@std@@@std@@QEAAXAEAV?$vector@_KV?$allocator@_K@std@@@1@@Z 0000000180098550 f i collisioncodegen_api.obj
 0001:000975b0       ??$_Emplace_back@AEA_K@?$_Uninitialized_backout_al@V?$allocator@_K@std@@@std@@QEAAXAEA_K@Z 00000001800985b0 f i collisioncodegen_api.obj
 0001:00097610       ??$_Emplace_back@U_ccd_vec3_t@@@?$_Uninitialized_backout_al@V?$allocator@U_ccd_vec3_t@@@std@@@std@@QEAAX$$QEAU_ccd_vec3_t@@@Z 0000000180098610 f i collisioncodegen_api.obj
 0001:00097670       ??$_Emplace_back_with_unused_capacity@AEBU_ccd_vec3_t@@@?$vector@U_ccd_vec3_t@@V?$allocator@U_ccd_vec3_t@@@std@@@std@@AEAAAEAU_ccd_vec3_t@@AEBU2@@Z 0000000180098670 f i collisioncodegen_api.obj
 0001:00097700       ??$_Emplace_one_at_back@AEBU_ccd_vec3_t@@@?$vector@U_ccd_vec3_t@@V?$allocator@U_ccd_vec3_t@@@std@@@std@@AEAAAEAU_ccd_vec3_t@@AEBU2@@Z 0000000180098700 f i collisioncodegen_api.obj
 0001:00097780       ??$_Emplace_reallocate@AEBU_ccd_vec3_t@@@?$vector@U_ccd_vec3_t@@V?$allocator@U_ccd_vec3_t@@@std@@@std@@AEAAPEAU_ccd_vec3_t@@QEAU2@AEBU2@@Z 0000000180098780 f i collisioncodegen_api.obj
 0001:000979a0       ??$_Get_size_of_n@$00@std@@YA_K_K@Z 00000001800989a0 f i collisioncodegen_api.obj
 0001:000979c0       ??$_Get_unwrapped@AEBQEAU_ccd_vec3_t@@@std@@YA?A_TAEBQEAU_ccd_vec3_t@@@Z 00000001800989c0 f i collisioncodegen_api.obj
 0001:000979d0       ??$_Get_unwrapped@PEAU_ccd_vec3_t@@@std@@YA?A_T$$QEAPEAU_ccd_vec3_t@@@Z 00000001800989d0 f i collisioncodegen_api.obj
 0001:000979e0       ??$_Get_unwrapped@PEAU_idx_vec3_t@shared_robotics@@@std@@YA?A_T$$QEAPEAU_idx_vec3_t@shared_robotics@@@Z 00000001800989e0 f i collisioncodegen_api.obj
 0001:000979f0       ??$_Get_unwrapped@PEAV?$vector@_KV?$allocator@_K@std@@@std@@@std@@YA?A_T$$QEAPEAV?$vector@_KV?$allocator@_K@std@@@0@@Z 00000001800989f0 f i collisioncodegen_api.obj
 0001:00097a00       ??$_Get_unwrapped@PEA_K@std@@YA?A_T$$QEAPEA_K@Z 0000000180098a00 f i collisioncodegen_api.obj
 0001:00097a10       ??$_To_address@PEAU_ccd_vec3_t@@@std@@YA?A_PAEBQEAU_ccd_vec3_t@@@Z 0000000180098a10 f i collisioncodegen_api.obj
 0001:00097a20       ??$_To_address@PEAU_idx_vec3_t@shared_robotics@@@std@@YA?A_PAEBQEAU_idx_vec3_t@shared_robotics@@@Z 0000000180098a20 f i collisioncodegen_api.obj
 0001:00097a30       ??$_Unfancy@D@std@@YAPEADPEAD@Z 0000000180098a30 f i collisioncodegen_api.obj
 0001:00097a40       ??$_Unfancy@U_ccd_vec3_t@@@std@@YAPEAU_ccd_vec3_t@@PEAU1@@Z 0000000180098a40 f i collisioncodegen_api.obj
 0001:00097a50       ??$_Unfancy@U_idx_vec3_t@shared_robotics@@@std@@YAPEAU_idx_vec3_t@shared_robotics@@PEAU12@@Z 0000000180098a50 f i collisioncodegen_api.obj
 0001:00097a60       ??$_Uninitialized_copy@PEAU_ccd_vec3_t@@PEAU1@V?$allocator@U_ccd_vec3_t@@@std@@@std@@YAPEAU_ccd_vec3_t@@PEAU1@00AEAV?$allocator@U_ccd_vec3_t@@@0@@Z 0000000180098a60 f i collisioncodegen_api.obj
 0001:00097ba0       ??$_Uninitialized_copy@PEAU_idx_vec3_t@shared_robotics@@PEAU12@V?$allocator@U_idx_vec3_t@shared_robotics@@@std@@@std@@YAPEAU_idx_vec3_t@shared_robotics@@PEAU12@00AEAV?$allocator@U_idx_vec3_t@shared_robotics@@@0@@Z 0000000180098ba0 f i collisioncodegen_api.obj
 0001:00097ce0       ??$_Uninitialized_copy@PEAV?$vector@_KV?$allocator@_K@std@@@std@@PEAV12@V?$allocator@V?$vector@_KV?$allocator@_K@std@@@std@@@2@@std@@YAPEAV?$vector@_KV?$allocator@_K@std@@@0@PEAV10@00AEAV?$allocator@V?$vector@_KV?$allocator@_K@std@@@std@@@0@@Z 0000000180098ce0 f i collisioncodegen_api.obj
 0001:00097da0       ??$_Uninitialized_copy@PEA_KPEA_KV?$allocator@_K@std@@@std@@YAPEA_KPEA_K00AEAV?$allocator@_K@0@@Z 0000000180098da0 f i collisioncodegen_api.obj
 0001:00097ed0       ??$_Uninitialized_move@PEAU_ccd_vec3_t@@V?$allocator@U_ccd_vec3_t@@@std@@@std@@YAPEAU_ccd_vec3_t@@QEAU1@0PEAU1@AEAV?$allocator@U_ccd_vec3_t@@@0@@Z 0000000180098ed0 f i collisioncodegen_api.obj
 0001:00097fc0       ??$_Voidify_iter@PEAPEAD@std@@YAPEAXPEAPEAD@Z 0000000180098fc0 f i collisioncodegen_api.obj
 0001:00097fd0       ??$_Voidify_iter@PEAU_ccd_vec3_t@@@std@@YAPEAXPEAU_ccd_vec3_t@@@Z 0000000180098fd0 f i collisioncodegen_api.obj
 0001:00097fe0       ??$_Voidify_iter@PEAU_idx_vec3_t@shared_robotics@@@std@@YAPEAXPEAU_idx_vec3_t@shared_robotics@@@Z 0000000180098fe0 f i collisioncodegen_api.obj
 0001:00097ff0       ??$addressof@PEAD@std@@YAPEAPEADAEAPEAD@Z 0000000180098ff0 f i collisioncodegen_api.obj
 0001:00098000       ??$addressof@U_ccd_vec3_t@@@std@@YAPEAU_ccd_vec3_t@@AEAU1@@Z 0000000180099000 f i collisioncodegen_api.obj
 0001:00098010       ??$construct@U_ccd_vec3_t@@AEAU1@@?$_Default_allocator_traits@V?$allocator@U_ccd_vec3_t@@@std@@@std@@SAXAEAV?$allocator@U_ccd_vec3_t@@@1@QEAU_ccd_vec3_t@@AEAU3@@Z 0000000180099010 f i collisioncodegen_api.obj
 0001:00098070       ??$construct@U_ccd_vec3_t@@AEBU1@@?$_Default_allocator_traits@V?$allocator@U_ccd_vec3_t@@@std@@@std@@SAXAEAV?$allocator@U_ccd_vec3_t@@@1@QEAU_ccd_vec3_t@@AEBU3@@Z 0000000180099070 f i collisioncodegen_api.obj
 0001:000980d0       ??$construct@U_ccd_vec3_t@@U1@@?$_Default_allocator_traits@V?$allocator@U_ccd_vec3_t@@@std@@@std@@SAXAEAV?$allocator@U_ccd_vec3_t@@@1@QEAU_ccd_vec3_t@@$$QEAU3@@Z 00000001800990d0 f i collisioncodegen_api.obj
 0001:00098130       ??$construct@U_idx_vec3_t@shared_robotics@@AEAU12@@?$_Default_allocator_traits@V?$allocator@U_idx_vec3_t@shared_robotics@@@std@@@std@@SAXAEAV?$allocator@U_idx_vec3_t@shared_robotics@@@1@QEAU_idx_vec3_t@shared_robotics@@AEAU34@@Z 0000000180099130 f i collisioncodegen_api.obj
 0001:00098190       ??$construct@V?$vector@_KV?$allocator@_K@std@@@std@@AEAV12@@?$_Default_allocator_traits@V?$allocator@V?$vector@_KV?$allocator@_K@std@@@std@@@std@@@std@@SAXAEAV?$allocator@V?$vector@_KV?$allocator@_K@std@@@std@@@1@QEAV?$vector@_KV?$allocator@_K@std@@@1@AEAV31@@Z 0000000180099190 f i collisioncodegen_api.obj
 0001:000981e0       ??$construct@_KAEA_K@?$_Default_allocator_traits@V?$allocator@_K@std@@@std@@SAXAEAV?$allocator@_K@1@QEA_KAEA_K@Z 00000001800991e0 f i collisioncodegen_api.obj
 0001:00098230       ??$forward@AEAU_ccd_vec3_t@@@std@@YAAEAU_ccd_vec3_t@@AEAU1@@Z 0000000180099230 f i collisioncodegen_api.obj
 0001:00098240       ??$forward@AEAU_idx_vec3_t@shared_robotics@@@std@@YAAEAU_idx_vec3_t@shared_robotics@@AEAU12@@Z 0000000180099240 f i collisioncodegen_api.obj
 0001:00098250       ??$forward@AEAV?$vector@_KV?$allocator@_K@std@@@std@@@std@@YAAEAV?$vector@_KV?$allocator@_K@std@@@0@AEAV10@@Z 0000000180099250 f i collisioncodegen_api.obj
 0001:00098260       ??$forward@AEA_K@std@@YAAEA_KAEA_K@Z 0000000180099260 f i collisioncodegen_api.obj
 0001:00098270       ??$forward@AEBQEAD@std@@YAAEBQEADAEBQEAD@Z 0000000180099270 f i collisioncodegen_api.obj
 0001:00098280       ??$forward@AEBQEAU_ccd_vec3_t@@@std@@YAAEBQEAU_ccd_vec3_t@@AEBQEAU1@@Z 0000000180099280 f i collisioncodegen_api.obj
 0001:00098290       ??$forward@AEBQEAU_idx_vec3_t@shared_robotics@@@std@@YAAEBQEAU_idx_vec3_t@shared_robotics@@AEBQEAU12@@Z 0000000180099290 f i collisioncodegen_api.obj
[...]
 0003:00030a80       $SG82841                   00000001800d7a80     sm_kinovaGen3_1_modelTest1_sfun_registry.obj
 0003:00030aa0       $SG82842                   00000001800d7aa0     sm_kinovaGen3_1_modelTest1_sfun_registry.obj
 0003:00030b30       $SG82846                   00000001800d7b30     sm_kinovaGen3_1_modelTest1_sfun_registry.obj
 0003:00030b50       $SG82847                   00000001800d7b50     sm_kinovaGen3_1_modelTest1_sfun_registry.obj
 0003:00030be0       $SG82851                   00000001800d7be0     sm_kinovaGen3_1_modelTest1_sfun_registry.obj
 0003:00030bf0       $SG82852                   00000001800d7bf0     sm_kinovaGen3_1_modelTest1_sfun_registry.obj
 0003:00030c80       $SG82856                   00000001800d7c80     sm_kinovaGen3_1_modelTest1_sfun_registry.obj
 0003:00030c90       $SG82857                   00000001800d7c90     sm_kinovaGen3_1_modelTest1_sfun_registry.obj
 0003:00030d20       $SG82861                   00000001800d7d20     sm_kinovaGen3_1_modelTest1_sfun_registry.obj
 0003:00030d38       $SG82866                   00000001800d7d38     sm_kinovaGen3_1_modelTest1_sfun_registry.obj
 0003:00030d50       $SG82862                   00000001800d7d50     sm_kinovaGen3_1_modelTest1_sfun_registry.obj
 0003:00030de0       $SG82867                   00000001800d7de0     sm_kinovaGen3_1_modelTest1_sfun_registry.obj
 0003:00030e70       $SG82871                   00000001800d7e70     sm_kinovaGen3_1_modelTest1_sfun_registry.obj
 0003:00030e80       $SG82872                   00000001800d7e80     sm_kinovaGen3_1_modelTest1_sfun_registry.obj
 0003:00030f10       $SG82880                   00000001800d7f10     sm_kinovaGen3_1_modelTest1_sfun_registry.obj
 0003:00030f20       $SG82881                   00000001800d7f20     sm_kinovaGen3_1_modelTest1_sfun_registry.obj
 0003:00030fb0       $SG82887                   00000001800d7fb0     sm_kinovaGen3_1_modelTest1_sfun_registry.obj
 0003:00030fc0       $SG82888                   00000001800d7fc0     sm_kinovaGen3_1_modelTest1_sfun_registry.obj
 0003:00031050       $SG82892                   00000001800d8050     sm_kinovaGen3_1_modelTest1_sfun_registry.obj
 0003:00031060       $SG82893                   00000001800d8060     sm_kinovaGen3_1_modelTest1_sfun_registry.obj
 0003:000310f0       $SG82898                   00000001800d80f0     sm_kinovaGen3_1_modelTest1_sfun_registry.obj
 0003:00031100       $SG82899                   00000001800d8100     sm_kinovaGen3_1_modelTest1_sfun_registry.obj
 0003:00031190       $SG82903                   00000001800d8190     sm_kinovaGen3_1_modelTest1_sfun_registry.obj
 0003:00031208       $SG82946                   00000001800d8208     sm_kinovaGen3_1_modelTest1_sfun_registry.obj
 0003:00031218       $SG83027                   00000001800d8218     sm_kinovaGen3_1_modelTest1_sfun_registry.obj
 0003:00031220       $SG82933                   00000001800d8220     sm_kinovaGen3_1_modelTest1_sfun_registry.obj
 0003:00031338       $SG82957                   00000001800d8338     sm_kinovaGen3_1_modelTest1_sfun_registry.obj
 0003:00031348       $SG82970                   00000001800d8348     sm_kinovaGen3_1_modelTest1_sfun_registry.obj
 0003:00031358       $SG82981                   00000001800d8358     sm_kinovaGen3_1_modelTest1_sfun_registry.obj
 0003:00031368       $SG82994                   00000001800d8368     sm_kinovaGen3_1_modelTest1_sfun_registry.obj
 0003:00031378       $SG83005                   00000001800d8378     sm_kinovaGen3_1_modelTest1_sfun_registry.obj
 0003:00031388       $SG83015                   00000001800d8388     sm_kinovaGen3_1_modelTest1_sfun_registry.obj
 0003:000313a8       $SG83026                   00000001800d83a8     sm_kinovaGen3_1_modelTest1_sfun_registry.obj
 0003:000313d8       $SG83028                   00000001800d83d8     sm_kinovaGen3_1_modelTest1_sfun_registry.obj
 0003:000313e0       $SG83039                   00000001800d83e0     sm_kinovaGen3_1_modelTest1_sfun_registry.obj
 0003:00031418       $SG83040                   00000001800d8418     sm_kinovaGen3_1_modelTest1_sfun_registry.obj
 0003:00031420       $SG83041                   00000001800d8420     sm_kinovaGen3_1_modelTest1_sfun_registry.obj
 0003:00031428       $SG14691                   00000001800d8428     ccd_polytope.obj
 0003:0003142c       $SG14741                   00000001800d842c     ccd_polytope.obj
 0003:00031438       $SG14742                   00000001800d8438     ccd_polytope.obj
 0003:00031444       $SG14745                   00000001800d8444     ccd_polytope.obj
 0003:00031450       $SG14743                   00000001800d8450     ccd_polytope.obj
 0003:00031460       $SG14744                   00000001800d8460     ccd_polytope.obj
 0003:00031468       $SG14746                   00000001800d8468     ccd_polytope.obj
 0003:00031470       $SG14749                   00000001800d8470     ccd_polytope.obj
 0003:000314a0       points_on_sphere           00000001800d84a0     ccd_vec3.obj
 0003:000319b0       sRtwOptimizationInfoStruct 00000001800d89b0     sm_kinovaGen3_1_modelTest1_sfun.obj
 0003:000319b8       sOptimizationInfoFlags     00000001800d89b8     sm_kinovaGen3_1_modelTest1_sfun.obj
 0003:000319c0       $SG83401                   00000001800d89c0     c2_sm_kinovaGen3_1_modelTest1.obj
 0003:000319c1       $SG83412                   00000001800d89c1     c2_sm_kinovaGen3_1_modelTest1.obj
 0003:000319c2       $SG83416                   00000001800d89c2     c2_sm_kinovaGen3_1_modelTest1.obj
 0003:000319c3       $SG83431                   00000001800d89c3     c2_sm_kinovaGen3_1_modelTest1.obj
 0003:000319c4       $SG83435                   00000001800d89c4     c2_sm_kinovaGen3_1_modelTest1.obj
 0003:000319c5       $SG83448                   00000001800d89c5     c2_sm_kinovaGen3_1_modelTest1.obj
 0003:000319c6       $SG83458                   00000001800d89c6     c2_sm_kinovaGen3_1_modelTest1.obj
 0003:000319c7       $SG83465                   00000001800d89c7     c2_sm_kinovaGen3_1_modelTest1.obj
 0003:000319c8       $SG83475                   00000001800d89c8     c2_sm_kinovaGen3_1_modelTest1.obj
 0003:000319c9       $SG83482                   00000001800d89c9     c2_sm_kinovaGen3_1_modelTest1.obj
 0003:000319ca       $SG83486                   00000001800d89ca     c2_sm_kinovaGen3_1_modelTest1.obj
 0003:000319cb       $SG83496                   00000001800d89cb     c2_sm_kinovaGen3_1_modelTest1.obj
 0003:000319cc       $SG83503                   00000001800d89cc     c2_sm_kinovaGen3_1_modelTest1.obj
 0003:000319cd       $SG83510                   00000001800d89cd     c2_sm_kinovaGen3_1_modelTest1.obj
 0003:000319ce       $SG83517                   00000001800d89ce     c2_sm_kinovaGen3_1_modelTest1.obj
 0003:000319cf       $SG83521                   00000001800d89cf     c2_sm_kinovaGen3_1_modelTest1.obj
 0003:000319d0       $SG83528                   00000001800d89d0     c2_sm_kinovaGen3_1_modelTest1.obj
 0003:000319d1       $SG83532                   00000001800d89d1     c2_sm_kinovaGen3_1_modelTest1.obj
 0003:000319d2       $SG83536                   00000001800d89d2     c2_sm_kinovaGen3_1_modelTest1.obj
 0003:000319d3       $SG83549                   00000001800d89d3     c2_sm_kinovaGen3_1_modelTest1.obj
 0003:000319d4       $SG83553                   00000001800d89d4     c2_sm_kinovaGen3_1_modelTest1.obj
 0003:000319d5       $SG83560                   00000001800d89d5     c2_sm_kinovaGen3_1_modelTest1.obj
 0003:000319d6       $SG83567                   00000001800d89d6     c2_sm_kinovaGen3_1_modelTest1.obj
 0003:000319d7       $SG83574                   00000001800d89d7     c2_sm_kinovaGen3_1_modelTest1.obj
 0003:000319d8       $SG83581                   00000001800d89d8     c2_sm_kinovaGen3_1_modelTest1.obj
 0003:000319d9       $SG83591                   00000001800d89d9     c2_sm_kinovaGen3_1_modelTest1.obj
 0003:000319da       $SG83598                   00000001800d89da     c2_sm_kinovaGen3_1_modelTest1.obj
 0003:000319db       $SG83605                   00000001800d89db     c2_sm_kinovaGen3_1_modelTest1.obj
 0003:000319dc       $SG83612                   00000001800d89dc     c2_sm_kinovaGen3_1_modelTest1.obj
 0003:000319dd       $SG83640                   00000001800d89dd     c2_sm_kinovaGen3_1_modelTest1.obj
 0003:000319de       $SG83650                   00000001800d89de     c2_sm_kinovaGen3_1_modelTest1.obj
 0003:000319df       $SG83657                   00000001800d89df     c2_sm_kinovaGen3_1_modelTest1.obj
 0003:000319e0       $SG83667                   00000001800d89e0     c2_sm_kinovaGen3_1_modelTest1.obj
 0003:000319e1       $SG83674                   00000001800d89e1     c2_sm_kinovaGen3_1_modelTest1.obj
 0003:000319e2       $SG83693                   00000001800d89e2     c2_sm_kinovaGen3_1_modelTest1.obj
 0003:000319e3       $SG83700                   00000001800d89e3     c2_sm_kinovaGen3_1_modelTest1.obj
 0003:000319e4       $SG83704                   00000001800d89e4     c2_sm_kinovaGen3_1_modelTest1.obj
 0003:000319e5       $SG83708                   00000001800d89e5     c2_sm_kinovaGen3_1_modelTest1.obj
 0003:000319e6       $SG83715                   00000001800d89e6     c2_sm_kinovaGen3_1_modelTest1.obj
 0003:000319e7       $SG83722                   00000001800d89e7     c2_sm_kinovaGen3_1_modelTest1.obj
 0003:000319e8       $SG83732                   00000001800d89e8     c2_sm_kinovaGen3_1_modelTest1.obj
 0003:000319e9       $SG83742                   00000001800d89e9     c2_sm_kinovaGen3_1_modelTest1.obj
 0003:000319ea       $SG83749                   00000001800d89ea     c2_sm_kinovaGen3_1_modelTest1.obj
 0003:000319eb       $SG83774                   00000001800d89eb     c2_sm_kinovaGen3_1_modelTest1.obj
 0003:000319ec       $SG83784                   00000001800d89ec     c2_sm_kinovaGen3_1_modelTest1.obj
 0003:000319ed       $SG83788                   00000001800d89ed     c2_sm_kinovaGen3_1_modelTest1.obj
 0003:000319ee       $SG83792                   00000001800d89ee     c2_sm_kinovaGen3_1_modelTest1.obj
 0003:000319ef       $SG83799                   00000001800d89ef     c2_sm_kinovaGen3_1_modelTest1.obj
 0003:000319f0       $SG83806                   00000001800d89f0     c2_sm_kinovaGen3_1_modelTest1.obj
 0003:000319f1       $SG83819                   00000001800d89f1     c2_sm_kinovaGen3_1_modelTest1.obj
 0003:000319f2       $SG83823                   00000001800d89f2     c2_sm_kinovaGen3_1_modelTest1.obj
 0003:000319f3       $SG83830                   00000001800d89f3     c2_sm_kinovaGen3_1_modelTest1.obj
 0003:000319f4       $SG83834                   00000001800d89f4     c2_sm_kinovaGen3_1_modelTest1.obj
 0003:000319f5       $SG83838                   00000001800d89f5     c2_sm_kinovaGen3_1_modelTest1.obj
 0003:000319f6       $SG83842                   00000001800d89f6     c2_sm_kinovaGen3_1_modelTest1.obj
 0003:000319f7       $SG83861                   00000001800d89f7     c2_sm_kinovaGen3_1_modelTest1.obj
 0003:000319f8       $SG83868                   00000001800d89f8     c2_sm_kinovaGen3_1_modelTest1.obj
 0003:000319f9       $SG83875                   00000001800d89f9     c2_sm_kinovaGen3_1_modelTest1.obj
 0003:000319fa       $SG83882                   00000001800d89fa     c2_sm_kinovaGen3_1_modelTest1.obj
 0003:000319fb       $SG83892                   00000001800d89fb     c2_sm_kinovaGen3_1_modelTest1.obj
 0003:000319fc       $SG83896                   00000001800d89fc     c2_sm_kinovaGen3_1_modelTest1.obj
 0003:000319fd       $SG83900                   00000001800d89fd     c2_sm_kinovaGen3_1_modelTest1.obj
 0003:000319fe       $SG83904                   00000001800d89fe     c2_sm_kinovaGen3_1_modelTest1.obj
 0003:000319ff       $SG83908                   00000001800d89ff     c2_sm_kinovaGen3_1_modelTest1.obj
 0003:00031a00       $SG83912                   00000001800d8a00     c2_sm_kinovaGen3_1_modelTest1.obj
 0003:00031a01       $SG83916                   00000001800d8a01     c2_sm_kinovaGen3_1_modelTest1.obj
 0003:00031a02       $SG83926                   00000001800d8a02     c2_sm_kinovaGen3_1_modelTest1.obj
 0003:00031a03       $SG83933                   00000001800d8a03     c2_sm_kinovaGen3_1_modelTest1.obj
 0003:00031a04       $SG83940                   00000001800d8a04     c2_sm_kinovaGen3_1_modelTest1.obj
 0003:00031a05       $SG83974                   00000001800d8a05     c2_sm_kinovaGen3_1_modelTest1.obj
 0003:00031a06       $SG83993                   00000001800d8a06     c2_sm_kinovaGen3_1_modelTest1.obj
 0003:00031a07       $SG84015                   00000001800d8a07     c2_sm_kinovaGen3_1_modelTest1.obj
 0003:00031a08       $SG84049                   00000001800d8a08     c2_sm_kinovaGen3_1_modelTest1.obj
 0003:00031a09       $SG84053                   00000001800d8a09     c2_sm_kinovaGen3_1_modelTest1.obj
 0003:00031a0a       $SG84057                   00000001800d8a0a     c2_sm_kinovaGen3_1_modelTest1.obj
 0003:00031a0b       $SG84061                   00000001800d8a0b     c2_sm_kinovaGen3_1_modelTest1.obj
 0003:00031a0c       $SG84065                   00000001800d8a0c     c2_sm_kinovaGen3_1_modelTest1.obj
 0003:00031a0d       $SG84069                   00000001800d8a0d     c2_sm_kinovaGen3_1_modelTest1.obj
 0003:00031a0e       $SG84073                   00000001800d8a0e     c2_sm_kinovaGen3_1_modelTest1.obj
 0003:00031a0f       $SG84077                   00000001800d8a0f     c2_sm_kinovaGen3_1_modelTest1.obj
 0003:00031a10       $SG84081                   00000001800d8a10     c2_sm_kinovaGen3_1_modelTest1.obj
 0003:00031a11       $SG84085                   00000001800d8a11     c2_sm_kinovaGen3_1_modelTest1.obj
 0003:00031a12       $SG84089                   00000001800d8a12     c2_sm_kinovaGen3_1_modelTest1.obj
 0003:00031a13       $SG84093                   00000001800d8a13     c2_sm_kinovaGen3_1_modelTest1.obj
 0003:00031a14       $SG84100                   00000001800d8a14     c2_sm_kinovaGen3_1_modelTest1.obj
 0003:00031a15       $SG84104                   00000001800d8a15     c2_sm_kinovaGen3_1_modelTest1.obj
 0003:00031a16       $SG84108                   00000001800d8a16     c2_sm_kinovaGen3_1_modelTest1.obj
 0003:00031a17       $SG84112                   00000001800d8a17     c2_sm_kinovaGen3_1_modelTest1.obj
 0003:00031a18       $SG84116                   00000001800d8a18     c2_sm_kinovaGen3_1_modelTest1.obj
 0003:00031a19       $SG84123                   00000001800d8a19     c2_sm_kinovaGen3_1_modelTest1.obj
 0003:00031a1a       $SG84130                   00000001800d8a1a     c2_sm_kinovaGen3_1_modelTest1.obj
 0003:00031a1b       $SG84137                   00000001800d8a1b     c2_sm_kinovaGen3_1_modelTest1.obj
 0003:00031a1c       $SG84144                   00000001800d8a1c     c2_sm_kinovaGen3_1_modelTest1.obj
 0003:00031a1d       $SG84151                   00000001800d8a1d     c2_sm_kinovaGen3_1_modelTest1.obj
 0003:00031a1e       $SG84158                   00000001800d8a1e     c2_sm_kinovaGen3_1_modelTest1.obj
 0003:00031a1f       $SG84165                   00000001800d8a1f     c2_sm_kinovaGen3_1_modelTest1.obj
 0003:00031a20       $SG84169                   00000001800d8a20     c2_sm_kinovaGen3_1_modelTest1.obj
 0003:00031a21       $SG84179                   00000001800d8a21     c2_sm_kinovaGen3_1_modelTest1.obj
 0003:00031a22       $SG84183                   00000001800d8a22     c2_sm_kinovaGen3_1_modelTest1.obj
 0003:00031a23       $SG84187                   00000001800d8a23     c2_sm_kinovaGen3_1_modelTest1.obj
 0003:00031a24       $SG84191                   00000001800d8a24     c2_sm_kinovaGen3_1_modelTest1.obj
 0003:00031a25       $SG84195                   00000001800d8a25     c2_sm_kinovaGen3_1_modelTest1.obj
 0003:00031a26       $SG84205                   00000001800d8a26     c2_sm_kinovaGen3_1_modelTest1.obj
 0003:00031a27       $SG84209                   00000001800d8a27     c2_sm_kinovaGen3_1_modelTest1.obj
 0003:00031a28       $SG84213                   00000001800d8a28     c2_sm_kinovaGen3_1_modelTest1.obj
 0003:00031a29       $SG84220                   00000001800d8a29     c2_sm_kinovaGen3_1_modelTest1.obj
 0003:00031a2a       $SG84224                   00000001800d8a2a     c2_sm_kinovaGen3_1_modelTest1.obj
 0003:00031a2b       $SG84231                   00000001800d8a2b     c2_sm_kinovaGen3_1_modelTest1.obj
 0003:00031a2c       $SG84235                   00000001800d8a2c     c2_sm_kinovaGen3_1_modelTest1.obj
 0003:00031a2d       $SG84239                   00000001800d8a2d     c2_sm_kinovaGen3_1_modelTest1.obj
 0003:00031a2e       $SG84243                   00000001800d8a2e     c2_sm_kinovaGen3_1_modelTest1.obj
 0003:00031a2f       $SG84259                   00000001800d8a2f     c2_sm_kinovaGen3_1_modelTest1.obj
 0003:00031a30       $SG84266                   00000001800d8a30     c2_sm_kinovaGen3_1_modelTest1.obj
 0003:00031a31       $SG84270                   00000001800d8a31     c2_sm_kinovaGen3_1_modelTest1.obj
 0003:00031a32       $SG84274                   00000001800d8a32     c2_sm_kinovaGen3_1_modelTest1.obj
 0003:00031a33       $SG84287                   00000001800d8a33     c2_sm_kinovaGen3_1_modelTest1.obj
 0003:00031a34       $SG84291                   00000001800d8a34     c2_sm_kinovaGen3_1_modelTest1.obj
 0003:00031a35       $SG86945                   00000001800d8a35     c2_sm_kinovaGen3_1_modelTest1.obj
 0003:00031a36       $SG104290                  00000001800d8a36     c2_sm_kinovaGen3_1_modelTest1.obj
 0003:00031a37       $SG107158                  00000001800d8a37     c2_sm_kinovaGen3_1_modelTest1.obj
 0003:00031a38       _sfTime_                   00000001800d8a38     c2_sm_kinovaGen3_1_modelTest1.obj
 0003:00031a40       ?c2_b_dv@?1??c2_importrobot@@9@9 00000001800d8a40     c2_sm_kinovaGen3_1_modelTest1.obj
 0003:00031a50       ?c2_b_dv@?1??c2_j_RigidBody_RigidBody@@9@9 00000001800d8a50     c2_sm_kinovaGen3_1_modelTest1.obj
 0003:00031a60       ?c2_b_dv@?1??c2_l_RigidBody_RigidBody@@9@9 00000001800d8a60     c2_sm_kinovaGen3_1_modelTest1.obj
 0003:00031a70       ?c2_b_dv@?1??c2_n_RigidBody_RigidBody@@9@9 00000001800d8a70     c2_sm_kinovaGen3_1_modelTest1.obj
 0003:00031a80       ?c2_r@?1??c2_repmat@@9@9   00000001800d8a80     c2_sm_kinovaGen3_1_modelTest1.obj
 0003:00031a88       ?c2_r@?1??c2_inverseKinematics_inverseKinematics@@9@9 00000001800d8a88     c2_sm_kinovaGen3_1_modelTest1.obj
 0003:00031a98       $SG107159                  00000001800d8a98     c2_sm_kinovaGen3_1_modelTest1.obj
 0003:00031a99       $SG107330                  00000001800d8a99     c2_sm_kinovaGen3_1_modelTest1.obj
 0003:00031aa0       ?newstr@?1??sf_c2_sm_kinovaGen3_1_modelTest1_get_post_codegen_info@@9@9 00000001800d8aa0     c2_sm_kinovaGen3_1_modelTest1.obj
 0003:000323a0       sfGlobalMdlStartCallCounts 00000001800d93a0     sm_kinovaGen3_1_modelTest1_sfun_registry.obj
 0003:000323a4       $SG82378                   00000001800d93a4     sm_kinovaGen3_1_modelTest1_sfun_registry.obj
 0003:000323a6       ?warningGuard@?1??ssGetRootSS@@9@9 00000001800d93a6     sm_kinovaGen3_1_modelTest1_sfun_registry.obj
 0003:000323a7       ?warningGuard@?1??ssGetParentSS@@9@9 00000001800d93a7     sm_kinovaGen3_1_modelTest1_sfun_registry.obj
 0003:000323a8       __ccd_vec3_origin          00000001800d93a8     ccd_vec3.obj
 0003:000323c0       GS_ExceptionRecord         00000001800d93c0     MSVCRT:gs_report.obj
 0003:00032460       GS_ContextRecord           00000001800d9460     MSVCRT:gs_report.obj
 0003:00032930       ?__proc_attached@@3HA      00000001800d9930     MSVCRT:dll_dllmain.obj
 0003:00032970       ?is_initialized_as_dll@@3_NA 00000001800d9970     MSVCRT:utility.obj
 0003:00032971       ?module_local_atexit_table_initialized@@3_NA 00000001800d9971     MSVCRT:utility.obj
 0003:00032978       ?module_local_atexit_table@@3U_onexit_table_t@@A 00000001800d9978     MSVCRT:utility.obj
 0003:00032990       ?module_local_at_quick_exit_table@@3U_onexit_table_t@@A 00000001800d9990     MSVCRT:utility.obj
